 cmemk

 Timestamp is 4cd9a8d0 (Tue Nov 09 12:02:24 2010)

 Preferred load address is 10000000

 Start         Length     Name                   Class
 0001:00000000 00000004H .CRT$XCA                CODE
 0001:00000004 00000004H .CRT$XCZ                CODE
 0001:00000008 00000004H .CRT$XIA                CODE
 0001:0000000c 00000004H .CRT$XIZ                CODE
 0001:00000010 00000004H .CRT$XPA                CODE
 0001:00000014 00000004H .CRT$XPZ                CODE
 0001:00000018 00000004H .CRT$XTA                CODE
 0001:0000001c 00000004H .CRT$XTZ                CODE
 0001:00000020 00002b5cH .rdata                  CODE
 0001:00002b7c 00000022H .rdata$debug            CODE
 0001:00002ba0 00004810H .text                   CODE
 0001:000073b0 00000018H .xdata                  CODE
 0001:000073c8 00000028H .idata$2                CODE
 0001:000073f0 00000014H .idata$3                CODE
 0001:00007404 00000098H .idata$4                CODE
 0001:0000749c 00000016H .idata$6                CODE
 0001:000074c0 00000101H .edata                  CODE
 0002:00000000 00000098H .idata$5                DATA
 0002:00000098 00000014H .data                   DATA
 0002:000000c0 000020d8H .bss                    DATA
 0003:00000000 00000130H .pdata                  DATA

  Address         Publics by Value              Rva+Base       Lib:Object

 0000:00000000       ___safe_se_handler_count   00000000     <absolute>
 0000:00000000       ___safe_se_handler_table   00000000     <absolute>
 0001:00000000       __xc_a                     10001000     corelib0:crt0init.obj
 0001:00000004       __xc_z                     10001004     corelib0:crt0init.obj
 0001:00000008       __xi_a                     10001008     corelib0:crt0init.obj
 0001:0000000c       __xi_z                     1000100c     corelib0:crt0init.obj
 0001:00000010       __xp_a                     10001010     corelib0:crt0init.obj
 0001:00000014       __xp_z                     10001014     corelib0:crt0init.obj
 0001:00000018       __xt_a                     10001018     corelib0:crt0init.obj
 0001:0000001c       __xt_z                     1000101c     corelib0:crt0init.obj
 0001:00000040       ??_C@_1FM@JFOFNLID@?$AAC?$AAM?$AAE?$AAM?$AAK?$AA?5?$AAD?$AAe?$AAb?$AAu?$AAg?$AA?3?$AA?5?$AAS?$AAu?$AAc?$AAc?$AAe?$AAs?$AAs?$AAf?$AAu?$AAl?$AAl?$AAy?$AA?5?$AAi?$AAn?$AAi?$AAt?$AAi?$AAa@ 10001040     cmemk.obj
 0001:000000a0       ??_C@_1HM@JGDEPHGO@?$AAC?$AAM?$AAE?$AAM?$AAK?$AA?5?$AAD?$AAe?$AAb?$AAu?$AAg?$AA?3?$AA?5?$AAc?$AAm?$AAe?$AAm?$AA?5?$AAi?$AAn?$AAi?$AAt?$AAi?$AAa?$AAl?$AAi?$AAz?$AAe?$AAd?$AA?5?$AA?$CF?$AAd@ 100010a0     cmemk.obj
 0001:00000120       ??_C@_1KA@DANNKMFI@?$AAC?$AAM?$AAE?$AAM?$AAK?$AA?5?$AAD?$AAe?$AAb?$AAu?$AAg?$AA?3?$AA?5?$AAn?$AAo?$AA?5?$AAr?$AAe?$AAm?$AAa?$AAi?$AAn?$AAi?$AAn?$AAg?$AA?5?$AAm?$AAe?$AAm?$AAo?$AAr?$AAy@ 10001120     cmemk.obj
 0001:000001c0       ??_C@_1GM@EBCKMIOG@?$AAC?$AAM?$AAE?$AAM?$AAK?$AA?5?$AAD?$AAe?$AAb?$AAu?$AAg?$AA?3?$AA?5?$AAa?$AAl?$AAl?$AAo?$AAc?$AAa?$AAt?$AAe?$AAd?$AA?5?$AAh?$AAe?$AAa?$AAp?$AA?5?$AAb?$AAu?$AAf?$AAf@ 100011c0     cmemk.obj
 0001:00000230       ??_C@_1GA@EHIEFMCN@?$AAC?$AAM?$AAE?$AAM?$AAK?$AA?5?$AAE?$AAr?$AAr?$AAo?$AAr?$AA?3?$AA?5?$AAF?$AAa?$AAi?$AAl?$AAe?$AAd?$AA?5?$AAt?$AAo?$AA?5?$AAa?$AAl?$AAl?$AAo?$AAc?$AA?5?$AAh?$AAe?$AAa@ 10001230     cmemk.obj
 0001:00000290       ??_C@_1IO@JOGLBBIA@?$AAC?$AAM?$AAE?$AAM?$AAK?$AA?5?$AAE?$AAr?$AAr?$AAo?$AAr?$AA?3?$AA?5?$AAF?$AAa?$AAi?$AAl?$AAe?$AAd?$AA?5?$AAt?$AAo?$AA?5?$AAa?$AAl?$AAl?$AAo?$AAc?$AA?5?$AAp?$AAo?$AAo@ 10001290     cmemk.obj
 0001:00000320       ??_C@_1HK@PBGLKGFP@?$AAE?$AAR?$AAR?$AAO?$AAR?$AA?3?$AA?5?$AAC?$AAM?$AAE?$AAM?$AAK?$AA?5?$AAi?$AAn?$AAi?$AAt?$AA?$CI?$AA?$CJ?$AA?3?$AA?5?$AAS?$AAt?$AAr?$AAi?$AAn?$AAg?$AAC?$AAc?$AAh?$AAP?$AAr@ 10001320     cmemk.obj
 0001:0000039c       ??_C@_1BM@GDPAOOKP@?$AAP?$AAo?$AAo?$AAl?$AAS?$AAi?$AAz?$AAe?$AA_?$AAP?$AAo?$AAo?$AAl?$AA?$AA@ 1000139c     cmemk.obj
 0001:000003b8       ??_C@_1HO@CDBIOCIL@?$AAE?$AAR?$AAR?$AAO?$AAR?$AA?3?$AA?5?$AAC?$AAM?$AAE?$AAM?$AAK?$AA?5?$AAi?$AAn?$AAi?$AAt?$AA?$CI?$AA?$CJ?$AA?3?$AA?5?$AAS?$AAt?$AAr?$AAi?$AAn?$AAg?$AAC?$AAc?$AAh?$AAP?$AAr@ 100013b8     cmemk.obj
 0001:00000438       ??_C@_1BE@DMMEGEFO@?$AA?$CF?$AAs?$AA?$CF?$AAd?$AA_?$AA?$CF?$AAs?$AA?$CF?$AAd?$AA?$AA@ 10001438     cmemk.obj
 0001:0000044c       ??_C@_1M@PICFELOA@?$AAB?$AAl?$AAo?$AAc?$AAk?$AA?$AA@ 1000144c     cmemk.obj
 0001:00000458       ??_C@_1CA@JCJOGNFE@?$AAN?$AAu?$AAm?$AAB?$AAu?$AAf?$AAf?$AAe?$AAr?$AAs?$AA_?$AAP?$AAo?$AAo?$AAl?$AA?$AA@ 10001458     cmemk.obj
 0001:00000478       ??_C@_1IM@DKGFCODN@?$AAC?$AAM?$AAE?$AAM?$AAK?$AA?5?$AAD?$AAe?$AAb?$AAu?$AAg?$AA?3?$AA?5?$AAA?$AAl?$AAl?$AAo?$AAc?$AAa?$AAt?$AAe?$AA?5?$AAc?$AAo?$AAn?$AAt?$AAi?$AAg?$AAu?$AAo?$AAu?$AAs@ 10001478     cmemk.obj
 0001:00000508       ??_C@_1JI@POFHIEIK@?$AAC?$AAM?$AAE?$AAM?$AAK?$AA?5?$AAE?$AAr?$AAr?$AAo?$AAr?$AA?3?$AA?5?$AAF?$AAa?$AAi?$AAl?$AAe?$AAd?$AA?5?$AAt?$AAo?$AA?5?$AAa?$AAl?$AAl?$AAo?$AAc?$AAa?$AAt?$AAe?$AA?5@ 10001508     cmemk.obj
 0001:000005a0       ??_C@_1GO@KJFDBIDO@?$AAC?$AAM?$AAE?$AAM?$AAK?$AA?5?$AAE?$AAr?$AAr?$AAo?$AAr?$AA?3?$AA?5?$AAN?$AAe?$AAg?$AAa?$AAt?$AAi?$AAv?$AAe?$AA?5?$AAl?$AAe?$AAn?$AAg?$AAt?$AAh?$AA?5?$AAo?$AAf?$AA?5@ 100015a0     cmemk.obj
 0001:00000610       ??_C@_1BI@DJKHEDFH@?$AAC?$AAM?$AAE?$AAM?$AAK?$AA_?$AAM?$AAU?$AAT?$AAE?$AAX?$AA?$AA@ 10001610     cmemk.obj
 0001:00000628       ??_C@_1JI@FJFCHAIK@?$AAC?$AAM?$AAE?$AAM?$AAK?$AA?5?$AAE?$AAr?$AAr?$AAo?$AAr?$AA?3?$AA?5?$AAT?$AAo?$AAo?$AA?5?$AAm?$AAa?$AAn?$AAy?$AA?5?$AAp?$AAo?$AAo?$AAl?$AAs?$AA?5?$AAs?$AAp?$AAe?$AAc@ 10001628     cmemk.obj
 0001:000006c0       ??_C@_1JI@CGJLOLBJ@?$AAC?$AAM?$AAE?$AAM?$AAK?$AA?5?$AAE?$AAr?$AAr?$AAo?$AAr?$AA?3?$AA?5?$AAT?$AAo?$AAo?$AA?5?$AAm?$AAa?$AAn?$AAy?$AA?5?$AAp?$AAo?$AAo?$AAl?$AAs?$AA?5?$AAs?$AAp?$AAe?$AAc@ 100016c0     cmemk.obj
 0001:00000758       ??_C@_1HG@INLBPEDM@?$AAC?$AAM?$AAE?$AAM?$AAK?$AA?5?$AAD?$AAe?$AAb?$AAu?$AAg?$AA?3?$AA?5?$AAC?$AAM?$AAE?$AAM?$AAK?$AA?3?$AA?5?$AAW?$AAa?$AAr?$AAn?$AAi?$AAn?$AAg?$AA?3?$AA?5?$AAC?$AAa?$AAn@ 10001758     cmemk.obj
 0001:000007d0       ??_C@_1DC@KFACKDPH@?$AAU?$AAs?$AAe?$AAH?$AAe?$AAa?$AAp?$AAI?$AAf?$AAP?$AAo?$AAo?$AAl?$AAU?$AAn?$AAa?$AAv?$AAa?$AAi?$AAl?$AAa?$AAb?$AAl?$AAe?$AA?$AA@ 100017d0     cmemk.obj
 0001:00000804       ??_C@_1BE@NOPHIHDE@?$AAN?$AAu?$AAm?$AAP?$AAo?$AAo?$AAl?$AAs?$AA1?$AA?$AA@ 10001804     cmemk.obj
 0001:00000818       ??_C@_1BE@GGELOAFB@?$AAN?$AAu?$AAm?$AAP?$AAo?$AAo?$AAl?$AAs?$AA0?$AA?$AA@ 10001818     cmemk.obj
 0001:0000082c       ??_C@_1BK@EEHBOAGL@?$AAP?$AAh?$AAy?$AAs?$AAi?$AAc?$AAa?$AAl?$AAE?$AAn?$AAd?$AA1?$AA?$AA@ 1000182c     cmemk.obj
 0001:00000848       ??_C@_1BK@PMMNIHAO@?$AAP?$AAh?$AAy?$AAs?$AAi?$AAc?$AAa?$AAl?$AAE?$AAn?$AAd?$AA0?$AA?$AA@ 10001848     cmemk.obj
 0001:00000864       ??_C@_1BO@ODBAMBIC@?$AAP?$AAh?$AAy?$AAs?$AAi?$AAc?$AAa?$AAl?$AAS?$AAt?$AAa?$AAr?$AAt?$AA1?$AA?$AA@ 10001864     cmemk.obj
 0001:00000888       ??_C@_1GG@BKOAGPDI@?$AAC?$AAM?$AAE?$AAM?$AAK?$AA?5?$AAE?$AAr?$AAr?$AAo?$AAr?$AA?3?$AA?5?$AAC?$AAM?$AAE?$AAM?$AAK?$AA?3?$AA?5?$AAc?$AAa?$AAn?$AAn?$AAo?$AAt?$AA?5?$AAo?$AAp?$AAe?$AAn?$AA?5@ 10001888     cmemk.obj
 0001:000008f0       ??_C@_1BO@FLKMKGOH@?$AAP?$AAh?$AAy?$AAs?$AAi?$AAc?$AAa?$AAl?$AAS?$AAt?$AAa?$AAr?$AAt?$AA0?$AA?$AA@ 100018f0     cmemk.obj
 0001:00000910       ??_C@_1FO@GGDGBKHC@?$AAC?$AAM?$AAE?$AAM?$AAK?$AA?5?$AAE?$AAr?$AAr?$AAo?$AAr?$AA?3?$AA?5?$AAC?$AAM?$AAE?$AAM?$AAK?$AA?3?$AA?5?$AAc?$AAa?$AAn?$AAn?$AAo?$AAt?$AA?5?$AAo?$AAp?$AAe?$AAn?$AA?5@ 10001910     cmemk.obj
 0001:00000970       ??_C@_1CM@BOKDKMGI@?$AAD?$AAr?$AAi?$AAv?$AAe?$AAr?$AAs?$AA?2?$AAB?$AAu?$AAi?$AAl?$AAt?$AAI?$AAn?$AA?2?$AAC?$AAM?$AAE?$AAM?$AAK?$AA?$AA@ 10001970     cmemk.obj
 0001:000009a0       ??_C@_1JM@CFPGCMJI@?$AAC?$AAM?$AAE?$AAM?$AAK?$AA?5?$AAD?$AAe?$AAb?$AAu?$AAg?$AA?3?$AA?5?$AAA?$AAl?$AAl?$AAo?$AAc?$AAa?$AAt?$AAe?$AAd?$AA?5?$AAb?$AAu?$AAf?$AAf?$AAe?$AAr?$AA?5?$AA?$CF?$AAd@ 100019a0     cmemk.obj
 0001:00000a40       ??_C@_1IE@GIHALDF@?$AAC?$AAM?$AAE?$AAM?$AAK?$AA?5?$AAE?$AAr?$AAr?$AAo?$AAr?$AA?3?$AA?5?$AAa?$AAl?$AAl?$AAo?$AAc?$AA_?$AAp?$AAo?$AAo?$AAl?$AA?5?$AAf?$AAa?$AAi?$AAl?$AAe?$AAd?$AA?5?$AAt@ 10001a40     cmemk.obj
 0001:00000ac8       ??_C@_1HI@PBFJDIDF@?$AAC?$AAM?$AAE?$AAM?$AAK?$AA?5?$AAE?$AAr?$AAr?$AAo?$AAr?$AA?3?$AA?5?$AAa?$AAl?$AAl?$AAo?$AAc?$AA_?$AAp?$AAo?$AAo?$AAl?$AA?5?$AAf?$AAa?$AAi?$AAl?$AAe?$AAd?$AA?5?$AAt@ 10001ac8     cmemk.obj
 0001:00000b40       ??_C@_1HM@LKLPHBCP@?$AAC?$AAM?$AAE?$AAM?$AAK?$AA?5?$AAD?$AAe?$AAb?$AAu?$AAg?$AA?3?$AA?5?$AAA?$AAl?$AAl?$AAo?$AAc?$AAa?$AAt?$AAi?$AAn?$AAg?$AA?5?$AA?$CF?$AAd?$AA?5?$AAb?$AAu?$AAf?$AAf?$AAe@ 10001b40     cmemk.obj
 0001:00000bc0       ??_C@_1GE@COLDEHO@?$AAC?$AAM?$AAE?$AAM?$AAK?$AA?5?$AAE?$AAr?$AAr?$AAo?$AAr?$AA?3?$AA?5?$AAg?$AAe?$AAt?$AA_?$AAp?$AAh?$AAy?$AAs?$AA?$CI?$AA?$CJ?$AA?3?$AA?5?$AAL?$AAo?$AAc?$AAk?$AAP?$AAa?$AAg@ 10001bc0     cmemk.obj
 0001:00000c28       ??_C@_1HE@HKOILLJD@?$AAC?$AAM?$AAE?$AAM?$AAK?$AA?5?$AAD?$AAe?$AAb?$AAu?$AAg?$AA?3?$AA?5?$AA?5?$AAP?$AAe?$AAr?$AAh?$AAa?$AAp?$AAs?$AA?5?$AAi?$AAt?$AA?8?$AAs?$AA?5?$AAi?$AAn?$AA?5?$AAt?$AAh@ 10001c28     cmemk.obj
 0001:00000ca0       ??_C@_1MG@IOKOPAFG@?$AAC?$AAM?$AAE?$AAM?$AAK?$AA?5?$AAD?$AAe?$AAb?$AAu?$AAg?$AA?3?$AA?5?$AAg?$AAe?$AAt?$AA_?$AAp?$AAh?$AAy?$AAs?$AA?$CI?$AA?$CJ?$AA?3?$AA?5?$AAR?$AAe?$AAq?$AAu?$AAe?$AAs?$AAt@ 10001ca0     cmemk.obj
 0001:00000d68       ??_C@_1JC@FDINJJIA@?$AAC?$AAM?$AAE?$AAM?$AAK?$AA?5?$AAD?$AAe?$AAb?$AAu?$AAg?$AA?3?$AA?5?$AAg?$AAe?$AAt?$AA_?$AAp?$AAh?$AAy?$AAs?$AA?3?$AA?5?$AAb?$AAl?$AAo?$AAc?$AAk?$AA_?$AAv?$AAi?$AAr@ 10001d68     cmemk.obj
 0001:00000e00       ??_C@_1GK@INLGMAOE@?$AAC?$AAM?$AAE?$AAM?$AAK?$AA?5?$AAE?$AAr?$AAr?$AAo?$AAr?$AA?3?$AA?5?$AAF?$AAa?$AAi?$AAl?$AAe?$AAd?$AA?5?$AAt?$AAo?$AA?5?$AAf?$AAi?$AAn?$AAd?$AA?5?$AAa?$AA?5?$AAb?$AAi@ 10001e00     cmemk.obj
 0001:00000e70       ??_C@_1II@HFFAIEFN@?$AAC?$AAM?$AAE?$AAM?$AAK?$AA?5?$AAD?$AAe?$AAb?$AAu?$AAg?$AA?3?$AA?5?$AAa?$AAl?$AAl?$AAo?$AAc?$AA_?$AAp?$AAo?$AAo?$AAl?$AA_?$AAb?$AAu?$AAf?$AAf?$AAe?$AAr?$AA?3?$AA?5@ 10001e70     cmemk.obj
 0001:00000ef8       ??_C@_1IA@NAJHAEMN@?$AAC?$AAM?$AAE?$AAM?$AAK?$AA?5?$AAD?$AAe?$AAb?$AAu?$AAg?$AA?3?$AA?5?$AAa?$AAl?$AAl?$AAo?$AAc?$AA_?$AAp?$AAo?$AAo?$AAl?$AA_?$AAb?$AAu?$AAf?$AAf?$AAe?$AAr?$AA?3?$AA?5@ 10001ef8     cmemk.obj
 0001:00000f78       ??_C@_1HC@EFJIJMPJ@?$AAC?$AAM?$AAE?$AAM?$AAK?$AA?5?$AAD?$AAe?$AAb?$AAu?$AAg?$AA?3?$AA?5?$AAa?$AAl?$AAl?$AAo?$AAc?$AA_?$AAp?$AAo?$AAo?$AAl?$AA_?$AAb?$AAu?$AAf?$AAf?$AAe?$AAr?$AA?3?$AA?5@ 10001f78     cmemk.obj
 0001:00000ff0       ??_C@_1GI@EPCLDAFB@?$AAC?$AAM?$AAE?$AAM?$AAK?$AA?5?$AAD?$AAe?$AAb?$AAu?$AAg?$AA?3?$AA?5?$AAa?$AAl?$AAl?$AAo?$AAc?$AA_?$AAp?$AAo?$AAo?$AAl?$AA_?$AAb?$AAu?$AAf?$AAf?$AAe?$AAr?$AA?3?$AA?5@ 10001ff0     cmemk.obj
 0001:00001058       ??_C@_1IA@PINDAFCE@?$AAC?$AAM?$AAE?$AAM?$AAK?$AA?5?$AAD?$AAe?$AAb?$AAu?$AAg?$AA?3?$AA?5?$AAF?$AAr?$AAe?$AAe?$AA?3?$AA?5?$AAB?$AAu?$AAf?$AAf?$AAe?$AAr?$AA?5?$AAw?$AAi?$AAt?$AAh?$AA?5?$AAi@ 10002058     cmemk.obj
 0001:000010d8       ??_C@_1EI@KIBDDIBI@?$AAC?$AAM?$AAE?$AAM?$AAK?$AA?5?$AAD?$AAe?$AAb?$AAu?$AAg?$AA?3?$AA?5?$AAF?$AAr?$AAe?$AAe?$AAl?$AAi?$AAs?$AAt?$AA?5?$AAf?$AAo?$AAr?$AA?5?$AAp?$AAo?$AAo?$AAl?$AA?5?$AA?$CF@ 100020d8     cmemk.obj
 0001:00001120       ??_C@_1IA@HLDGFKLC@?$AAC?$AAM?$AAE?$AAM?$AAK?$AA?5?$AAD?$AAe?$AAb?$AAu?$AAg?$AA?3?$AA?5?$AAB?$AAu?$AAs?$AAy?$AA?3?$AA?5?$AAB?$AAu?$AAf?$AAf?$AAe?$AAr?$AA?5?$AAw?$AAi?$AAt?$AAh?$AA?5?$AAi@ 10002120     cmemk.obj
 0001:000011a0       ??_C@_1EI@GHMIEHGN@?$AAC?$AAM?$AAE?$AAM?$AAK?$AA?5?$AAD?$AAe?$AAb?$AAu?$AAg?$AA?3?$AA?5?$AAB?$AAu?$AAs?$AAy?$AAl?$AAi?$AAs?$AAt?$AA?5?$AAf?$AAo?$AAr?$AA?5?$AAp?$AAo?$AAo?$AAl?$AA?5?$AA?$CF@ 100021a0     cmemk.obj
 0001:000011e8       ??_C@_1GE@MBPJBFA@?$AAC?$AAM?$AAE?$AAM?$AAK?$AA?3?$AA?5?$AAw?$AAa?$AAr?$AAn?$AAi?$AAn?$AAg?$AA?0?$AA?5?$AAd?$AAe?$AAi?$AAn?$AAi?$AAt?$AAi?$AAa?$AAl?$AAi?$AAz?$AAe?$AAd?$AA?5?$AAw?$AAi@ 100021e8     cmemk.obj
 0001:00001250       ??_C@_1FI@CEPBDDGG@?$AAC?$AAM?$AAE?$AAM?$AAK?$AA?5?$AAD?$AAe?$AAb?$AAu?$AAg?$AA?3?$AA?5?$AAF?$AAr?$AAe?$AAe?$AAi?$AAn?$AAg?$AA?5?$AAf?$AAr?$AAe?$AAe?$AA?5?$AAe?$AAn?$AAt?$AAr?$AAy?$AA?5@ 10002250     cmemk.obj
 0001:000012a8       ??_C@_1GK@NLHGLFNO@?$AAC?$AAM?$AAE?$AAM?$AAK?$AA?5?$AAD?$AAe?$AAb?$AAu?$AAg?$AA?3?$AA?5?$AAW?$AAa?$AAr?$AAn?$AAi?$AAn?$AAg?$AA?3?$AA?5?$AAF?$AAr?$AAe?$AAe?$AAi?$AAn?$AAg?$AA?5?$AAb?$AAu@ 100022a8     cmemk.obj
 0001:00001318       ??_C@_1GK@CBPANNAJ@?$AAC?$AAM?$AAE?$AAM?$AAK?$AA?5?$AAD?$AAe?$AAb?$AAu?$AAg?$AA?3?$AA?5?$AAF?$AAr?$AAe?$AAe?$AAi?$AAn?$AAg?$AA?5?$AAm?$AAe?$AAm?$AAo?$AAr?$AAy?$AA?5?$AAa?$AAs?$AAs?$AAo@ 10002318     cmemk.obj
 0001:00001384       ??_C@_1DK@MPFCMFJO@?$AAC?$AAM?$AAE?$AAM?$AAK?$AA?5?$AAD?$AAe?$AAb?$AAu?$AAg?$AA?3?$AA?5?$AAI?$AAn?$AA?5?$AAc?$AAm?$AAe?$AAm?$AA_?$AAe?$AAx?$AAi?$AAt?$AA?$CI?$AA?$CJ?$AA?6?$AA?$AA@ 10002384     cmemk.obj
 0001:000013c0       ??_C@_1EM@DJHCFEOD@?$AAC?$AAM?$AAE?$AAM?$AAK?$AA?3?$AA?5?$AAC?$AAM?$AAK?$AA_?$AAC?$AAl?$AAo?$AAs?$AAe?$AA?$CI?$AA?$CJ?$AA?5?$AA?9?$AA?5?$AAo?$AAp?$AAe?$AAn?$AAC?$AAo?$AAu?$AAn?$AAt?$AA?5?$AA?$DM@ 100023c0     cmemk.obj
 0001:00001410       ??_C@_1EM@MJEFGDHI@?$AAC?$AAM?$AAE?$AAM?$AAK?$AA?5?$AAE?$AAr?$AAr?$AAo?$AAr?$AA?3?$AA?5?$AAU?$AAn?$AAk?$AAn?$AAo?$AAw?$AAn?$AA?5?$AAi?$AAo?$AAc?$AAt?$AAl?$AA?5?$AAr?$AAe?$AAc?$AAe?$AAi@ 10002410     cmemk.obj
 0001:00001460       ??_C@_1IC@BMAEIIKN@?$AAC?$AAM?$AAE?$AAM?$AAK?$AA?5?$AAE?$AAr?$AAr?$AAo?$AAr?$AA?3?$AA?5?$AAU?$AAN?$AAM?$AAA?$AAP?$AAA?$AAD?$AAD?$AAR?$AAE?$AAS?$AAS?$AA?3?$AA?5?$AAF?$AAa?$AAi?$AAl?$AAe@ 10002460     cmemk.obj
 0001:000014e8       ??_C@_1FC@IJJFEPMD@?$AAC?$AAM?$AAE?$AAM?$AAK?$AA?5?$AAD?$AAe?$AAb?$AAu?$AAg?$AA?3?$AA?5?$AAU?$AAN?$AAM?$AAA?$AAP?$AAA?$AAD?$AAD?$AAR?$AAE?$AAS?$AAS?$AA?3?$AA?5?$AAs?$AAi?$AAz?$AAe?$AA?5@ 100024e8     cmemk.obj
 0001:00001540       ??_C@_1FE@GPGJMNM@?$AAC?$AAM?$AAE?$AAM?$AAK?$AA?5?$AAD?$AAe?$AAb?$AAu?$AAg?$AA?3?$AA?5?$AAU?$AAN?$AAM?$AAA?$AAP?$AAA?$AAD?$AAD?$AAR?$AAE?$AAS?$AAS?$AA?3?$AA?5?$AAv?$AAi?$AAr?$AAt?$AAp@ 10002540     cmemk.obj
 0001:00001598       ??_C@_1FG@ICHJJAGN@?$AAC?$AAM?$AAE?$AAM?$AAK?$AA?5?$AAD?$AAe?$AAb?$AAu?$AAg?$AA?3?$AA?5?$AAU?$AAN?$AAM?$AAA?$AAP?$AAA?$AAD?$AAD?$AAR?$AAE?$AAS?$AAS?$AA?5?$AAi?$AAo?$AAc?$AAt?$AAl?$AA?5@ 10002598     cmemk.obj
 0001:000015f0       ??_C@_1FC@KGMCGFLP@?$AAC?$AAM?$AAE?$AAM?$AAK?$AA?5?$AAD?$AAe?$AAb?$AAu?$AAg?$AA?3?$AA?5?$AAM?$AAA?$AAP?$AAA?$AAD?$AAD?$AAR?$AAE?$AAS?$AAS?$AA?3?$AA?5?$AAr?$AAe?$AAt?$AAu?$AAr?$AAn?$AAi@ 100025f0     cmemk.obj
 0001:00001648       ??_C@_1HM@PINJBPBF@?$AAC?$AAM?$AAE?$AAM?$AAK?$AA?5?$AAE?$AAr?$AAr?$AAo?$AAr?$AA?3?$AA?5?$AAM?$AAA?$AAP?$AAA?$AAD?$AAD?$AAR?$AAE?$AAS?$AAS?$AA?3?$AA?5?$AAF?$AAa?$AAi?$AAl?$AAe?$AAd?$AA?5@ 10002648     cmemk.obj
 0001:000016c8       ??_C@_1GM@ONIPBDBF@?$AAC?$AAM?$AAE?$AAM?$AAK?$AA?5?$AAE?$AAr?$AAr?$AAo?$AAr?$AA?3?$AA?5?$AAM?$AAA?$AAP?$AAA?$AAD?$AAD?$AAR?$AAE?$AAS?$AAS?$AA?3?$AA?5?$AAW?$AAa?$AAi?$AAt?$AAF?$AAo?$AAr@ 100026c8     cmemk.obj
 0001:00001738       ??_C@_1EO@KLDPFPB@?$AAC?$AAM?$AAE?$AAM?$AAK?$AA?5?$AAD?$AAe?$AAb?$AAu?$AAg?$AA?3?$AA?5?$AAM?$AAA?$AAP?$AAA?$AAD?$AAD?$AAR?$AAE?$AAS?$AAS?$AA?3?$AA?5?$AAp?$AAh?$AAy?$AAs?$AAp?$AA?5?$AA?$DN@ 10002738     cmemk.obj
 0001:00001788       ??_C@_1FC@DBILBIOD@?$AAC?$AAM?$AAE?$AAM?$AAK?$AA?5?$AAD?$AAe?$AAb?$AAu?$AAg?$AA?3?$AA?5?$AAM?$AAA?$AAP?$AAA?$AAD?$AAD?$AAR?$AAE?$AAS?$AAS?$AA?5?$AAi?$AAo?$AAc?$AAt?$AAl?$AA?5?$AAr?$AAe@ 10002788     cmemk.obj
 0001:000017e0       ??_C@_1JK@LJHCIMLD@?$AAC?$AAM?$AAE?$AAM?$AAK?$AA?5?$AAD?$AAe?$AAb?$AAu?$AAg?$AA?3?$AA?5?$AAG?$AAE?$AAT?$AAB?$AAL?$AAO?$AAC?$AAK?$AA?5?$AAi?$AAo?$AAc?$AAt?$AAl?$AA?5?$AAr?$AAe?$AAc?$AAe@ 100027e0     cmemk.obj
 0001:00001880       ??_C@_1HE@GOLBGKGH@?$AAC?$AAM?$AAE?$AAM?$AAK?$AA?5?$AAD?$AAe?$AAb?$AAu?$AAg?$AA?3?$AA?5?$AAG?$AAE?$AAT?$AAN?$AAU?$AAM?$AAB?$AAL?$AAO?$AAC?$AAK?$AAS?$AA?5?$AAi?$AAo?$AAc?$AAt?$AAl?$AA?5@ 10002880     cmemk.obj
 0001:000018f8       ??_C@_1HA@ONBDBAJI@?$AAC?$AAM?$AAE?$AAM?$AAK?$AA?5?$AAD?$AAe?$AAb?$AAu?$AAg?$AA?3?$AA?5?$AAG?$AAE?$AAT?$AAV?$AAE?$AAR?$AAS?$AAI?$AAO?$AAN?$AA?5?$AAi?$AAo?$AAc?$AAt?$AAl?$AA?5?$AAr?$AAe@ 100028f8     cmemk.obj
 0001:00001968       ??_C@_1HE@HCOGAHNB@?$AAC?$AAM?$AAE?$AAM?$AAK?$AA?5?$AAD?$AAe?$AAb?$AAu?$AAg?$AA?3?$AA?5?$AAC?$AAA?$AAC?$AAH?$AAE?$AAW?$AAB?$AAI?$AAN?$AAV?$AA?3?$AA?5?$AAf?$AAl?$AAu?$AAs?$AAh?$AAe?$AAd@ 10002968     cmemk.obj
 0001:000019e0       ??_C@_1HI@HIEOILNF@?$AAC?$AAM?$AAE?$AAM?$AAK?$AA?5?$AAD?$AAe?$AAb?$AAu?$AAg?$AA?3?$AA?5?$AAC?$AAA?$AAC?$AAH?$AAE?$AAI?$AAN?$AAV?$AA?3?$AA?5?$AAi?$AAn?$AAv?$AAa?$AAl?$AAi?$AAd?$AAa?$AAt@ 100029e0     cmemk.obj
 0001:00001a58       ??_C@_1GO@NDPACKBE@?$AAC?$AAM?$AAE?$AAM?$AAK?$AA?5?$AAD?$AAe?$AAb?$AAu?$AAg?$AA?3?$AA?5?$AAC?$AAA?$AAC?$AAH?$AAE?$AAW?$AAB?$AA?3?$AA?5?$AAc?$AAl?$AAe?$AAa?$AAn?$AAe?$AAd?$AA?5?$AAu?$AAs@ 10002a58     cmemk.obj
 0001:00001ac8       ??_C@_1FA@OCOOAJKP@?$AAC?$AAM?$AAE?$AAM?$AAK?$AA?5?$AAD?$AAe?$AAb?$AAu?$AAg?$AA?3?$AA?5?$AAC?$AAA?$AAC?$AAH?$AAE?$AA?$CF?$AAs?$AA?$CF?$AAs?$AA?5?$AAi?$AAo?$AAc?$AAt?$AAl?$AA?5?$AAr?$AAe?$AAc@ 10002ac8     cmemk.obj
 0001:00001b18       ??_C@_02KLACDDFP@WB?$AA@   10002b18     cmemk.obj
 0001:00001b1c       ??_C@_03KOECGNEM@INV?$AA@  10002b1c     cmemk.obj
 0001:00001b20       ??_C@_1EI@BJJPPGGM@?$AAC?$AAM?$AAE?$AAM?$AAK?$AA?5?$AAD?$AAe?$AAb?$AAu?$AAg?$AA?3?$AA?5?$AAG?$AAE?$AAT?$AAP?$AAO?$AAO?$AAL?$AA?3?$AA?5?$AAr?$AAe?$AAt?$AAu?$AAr?$AAn?$AAi?$AAn?$AAg?$AA?5@ 10002b20     cmemk.obj
 0001:00001b68       ??_C@_1GE@ODKFOIGO@?$AAC?$AAM?$AAE?$AAM?$AAK?$AA?5?$AAE?$AAr?$AAr?$AAo?$AAr?$AA?3?$AA?5?$AAF?$AAa?$AAi?$AAl?$AAe?$AAd?$AA?5?$AAt?$AAo?$AA?5?$AAf?$AAi?$AAn?$AAd?$AA?5?$AAa?$AA?5?$AAp?$AAo@ 10002b68     cmemk.obj
 0001:00001bd0       ??_C@_1NM@MJDFBKNP@?$AAC?$AAM?$AAE?$AAM?$AAK?$AA?5?$AAD?$AAe?$AAb?$AAu?$AAg?$AA?3?$AA?5?$AAG?$AAE?$AAT?$AAP?$AAO?$AAO?$AAL?$AA?3?$AA?5?$AAn?$AAo?$AA?5?$AAp?$AAo?$AAo?$AAl?$AA?9?$AAb?$AAa@ 10002bd0     cmemk.obj
 0001:00001cb0       ??_C@_1GC@EGDDBBFG@?$AAC?$AAM?$AAE?$AAM?$AAK?$AA?5?$AAD?$AAe?$AAb?$AAu?$AAg?$AA?3?$AA?5?$AAG?$AAE?$AAT?$AAP?$AAO?$AAO?$AAL?$AA?3?$AA?5?$AAF?$AAo?$AAu?$AAn?$AAd?$AA?5?$AAa?$AA?5?$AAb?$AAe@ 10002cb0     cmemk.obj
 0001:00001d18       ??_C@_1GG@BEIADIOI@?$AAC?$AAM?$AAE?$AAM?$AAK?$AA?5?$AAD?$AAe?$AAb?$AAu?$AAg?$AA?3?$AA?5?$AAG?$AAE?$AAT?$AAP?$AAO?$AAO?$AAL?$AA?3?$AA?5?$AAd?$AAe?$AAl?$AAt?$AAa?$AA?5?$AA?$CI?$AA?$CF?$AAd?$AA?$CJ@ 10002d18     cmemk.obj
 0001:00001d80       ??_C@_1GC@LPLINNOE@?$AAC?$AAM?$AAE?$AAM?$AAK?$AA?5?$AAD?$AAe?$AAb?$AAu?$AAg?$AA?3?$AA?5?$AAG?$AAE?$AAT?$AAP?$AAO?$AAO?$AAL?$AA?3?$AA?5?$AAs?$AAi?$AAz?$AAe?$AA?5?$AA?$CI?$AA?$CF?$AAd?$AA?$CJ?$AA?5@ 10002d80     cmemk.obj
 0001:00001de8       ??_C@_1HI@IIFIHIPJ@?$AAC?$AAM?$AAE?$AAM?$AAK?$AA?5?$AAD?$AAe?$AAb?$AAu?$AAg?$AA?3?$AA?5?$AAG?$AAE?$AAT?$AAP?$AAO?$AAO?$AAL?$AA?3?$AA?5?$AAT?$AAr?$AAy?$AAi?$AAn?$AAg?$AA?5?$AAt?$AAo?$AA?5@ 10002de8     cmemk.obj
 0001:00001e60       ??_C@_1EM@CHGMNOLN@?$AAC?$AAM?$AAE?$AAM?$AAK?$AA?5?$AAD?$AAe?$AAb?$AAu?$AAg?$AA?3?$AA?5?$AAG?$AAE?$AAT?$AAP?$AAO?$AAO?$AAL?$AA?5?$AAi?$AAo?$AAc?$AAt?$AAl?$AA?5?$AAr?$AAe?$AAc?$AAe?$AAi@ 10002e60     cmemk.obj
 0001:00001eb0       ??_C@_1EG@KFEHIKGM@?$AAC?$AAM?$AAE?$AAM?$AAK?$AA?5?$AAD?$AAe?$AAb?$AAu?$AAg?$AA?3?$AA?5?$AAG?$AAE?$AAT?$AAS?$AAI?$AAZ?$AAE?$AA?5?$AAr?$AAe?$AAt?$AAu?$AAr?$AAn?$AAi?$AAn?$AAg?$AA?5?$AA?$CF@ 10002eb0     cmemk.obj
 0001:00001ef8       ??_C@_1GC@JHLICFOL@?$AAC?$AAM?$AAE?$AAM?$AAK?$AA?5?$AAE?$AAr?$AAr?$AAo?$AAr?$AA?3?$AA?5?$AAG?$AAE?$AAT?$AAS?$AAI?$AAZ?$AAE?$AA?3?$AA?5?$AAi?$AAn?$AAv?$AAa?$AAl?$AAi?$AAd?$AA?5?$AAp?$AAo@ 10002ef8     cmemk.obj
 0001:00001f60       ??_C@_1EK@MKLGDKGI@?$AAC?$AAM?$AAE?$AAM?$AAK?$AA?5?$AAD?$AAe?$AAb?$AAu?$AAg?$AA?3?$AA?5?$AAG?$AAE?$AAT?$AAS?$AAI?$AAZ?$AAE?$AA?5?$AAi?$AAo?$AAc?$AAt?$AAl?$AA?5?$AAr?$AAe?$AAc?$AAe?$AAi@ 10002f60     cmemk.obj
 0001:00001fb0       ??_C@_1EM@NEHOKHNA@?$AAC?$AAM?$AAE?$AAM?$AAK?$AA?5?$AAD?$AAe?$AAb?$AAu?$AAg?$AA?3?$AA?5?$AAG?$AAE?$AAT?$AAP?$AAH?$AAY?$AAS?$AA?3?$AA?5?$AAr?$AAe?$AAt?$AAu?$AAr?$AAn?$AAi?$AAn?$AAg?$AA?5@ 10002fb0     cmemk.obj
 0001:00002000       ??_C@_1IG@EKDDKMDK@?$AAC?$AAM?$AAE?$AAM?$AAK?$AA?5?$AAE?$AAr?$AAr?$AAo?$AAr?$AA?3?$AA?5?$AAG?$AAE?$AAT?$AAP?$AAH?$AAY?$AAS?$AA?3?$AA?5?$AAF?$AAa?$AAi?$AAl?$AAe?$AAd?$AA?5?$AAt?$AAo?$AA?5@ 10003000     cmemk.obj
 0001:00002088       ??_C@_1IA@PMKIHOPJ@?$AAC?$AAM?$AAE?$AAM?$AAK?$AA?5?$AAD?$AAe?$AAb?$AAu?$AAg?$AA?3?$AA?5?$AAC?$AAM?$AAK?$AA_?$AAI?$AAO?$AAC?$AAo?$AAn?$AAt?$AAr?$AAo?$AAl?$AA?5?$AAc?$AAa?$AAs?$AAe?$AA?5@ 10003088     cmemk.obj
 0001:00002108       ??_C@_1EM@EDDHNKIM@?$AAC?$AAM?$AAE?$AAM?$AAK?$AA?5?$AAD?$AAe?$AAb?$AAu?$AAg?$AA?3?$AA?5?$AAG?$AAE?$AAT?$AAP?$AAH?$AAY?$AAS?$AA?5?$AAi?$AAo?$AAc?$AAt?$AAl?$AA?5?$AAr?$AAe?$AAc?$AAe?$AAi@ 10003108     cmemk.obj
 0001:00002158       ??_C@_1GK@IGEFKKAD@?$AAC?$AAM?$AAE?$AAM?$AAK?$AA?5?$AAD?$AAe?$AAb?$AAu?$AAg?$AA?3?$AA?5?$AAF?$AAR?$AAE?$AAE?$AA?$CF?$AAs?$AA?$CF?$AAs?$AA?3?$AA?5?$AAr?$AAe?$AAt?$AAu?$AAr?$AAn?$AAi?$AAn?$AAg@ 10003158     cmemk.obj
 0001:000021c8       ??_C@_1FI@PDOJBEOL@?$AAC?$AAM?$AAE?$AAM?$AAK?$AA?5?$AAE?$AAr?$AAr?$AAo?$AAr?$AA?3?$AA?5?$AAF?$AAa?$AAi?$AAl?$AAe?$AAd?$AA?5?$AAt?$AAo?$AA?5?$AAf?$AAr?$AAe?$AAe?$AA?5?$AAm?$AAe?$AAm?$AAo@ 100031c8     cmemk.obj
 0001:00002220       ??_C@_1IE@KFMGGDNN@?$AAC?$AAM?$AAE?$AAM?$AAK?$AA?5?$AAD?$AAe?$AAb?$AAu?$AAg?$AA?3?$AA?5?$AAF?$AAR?$AAE?$AAE?$AA?$CF?$AAs?$AA?$CF?$AAs?$AA?3?$AA?5?$AAS?$AAu?$AAc?$AAc?$AAe?$AAs?$AAs?$AAf?$AAu@ 10003220     cmemk.obj
 0001:000022a8       ??_C@_1JC@KNEBIOIE@?$AAC?$AAM?$AAE?$AAM?$AAK?$AA?5?$AAE?$AAr?$AAr?$AAo?$AAr?$AA?3?$AA?5?$AAF?$AAR?$AAE?$AAE?$AA?$CF?$AAs?$AA?$CF?$AAs?$AA?3?$AA?5?$AAF?$AAa?$AAi?$AAl?$AAe?$AAd?$AA?5?$AAt?$AAo@ 100032a8     cmemk.obj
 0001:00002340       ??_C@_1EO@LLFGGNAM@?$AAC?$AAM?$AAE?$AAM?$AAK?$AA?5?$AAD?$AAe?$AAb?$AAu?$AAg?$AA?3?$AA?5?$AAF?$AAR?$AAE?$AAE?$AA?$CF?$AAs?$AA?$CF?$AAs?$AA?5?$AAi?$AAo?$AAc?$AAt?$AAl?$AA?5?$AAr?$AAe?$AAc?$AAe@ 10003340     cmemk.obj
 0001:00002390       ??_C@_04DGHHAJMG@HEAP?$AA@ 10003390     cmemk.obj
 0001:00002398       ??_C@_04KNJFKMFD@PHYS?$AA@ 10003398     cmemk.obj
 0001:000023a0       ??_C@_1IC@NCAFIKLL@?$AAC?$AAM?$AAE?$AAM?$AAK?$AA?5?$AAD?$AAe?$AAb?$AAu?$AAg?$AA?3?$AA?5?$AAA?$AAL?$AAL?$AAO?$AAC?$AA?$CF?$AAs?$AA?3?$AA?5?$AAa?$AAl?$AAl?$AAo?$AAc?$AAa?$AAt?$AAe?$AAd?$AA?5@ 100033a0     cmemk.obj
 0001:00002428       ??_C@_1HE@ECHHIHNI@?$AAC?$AAM?$AAE?$AAM?$AAK?$AA?5?$AAE?$AAr?$AAr?$AAo?$AAr?$AA?3?$AA?5?$AAA?$AAL?$AAL?$AAO?$AAC?$AA?$CF?$AAs?$AA?3?$AA?5?$AAV?$AAi?$AAr?$AAt?$AAu?$AAa?$AAl?$AAC?$AAo?$AAp@ 10003428     cmemk.obj
 0001:000024a0       ??_C@_1HK@NMPGNINP@?$AAC?$AAM?$AAE?$AAM?$AAK?$AA?5?$AAE?$AAr?$AAr?$AAo?$AAr?$AA?3?$AA?5?$AAA?$AAL?$AAL?$AAO?$AAC?$AA?$CF?$AAs?$AA?3?$AA?5?$AAN?$AAo?$AA?5?$AAf?$AAr?$AAe?$AAe?$AA?5?$AAb?$AAu@ 100034a0     cmemk.obj
 0001:00002520       ??_C@_1GC@NHBEENPF@?$AAC?$AAM?$AAE?$AAM?$AAK?$AA?5?$AAE?$AAr?$AAr?$AAo?$AAr?$AA?3?$AA?5?$AAA?$AAL?$AAL?$AAO?$AAC?$AA?$CF?$AAs?$AA?3?$AA?5?$AAi?$AAn?$AAv?$AAa?$AAl?$AAi?$AAd?$AA?5?$AAp?$AAo@ 10003520     cmemk.obj
 0001:00002588       ??_C@_1II@HMLBPOKD@?$AAC?$AAM?$AAE?$AAM?$AAK?$AA?5?$AAD?$AAe?$AAb?$AAu?$AAg?$AA?3?$AA?5?$AAA?$AAL?$AAL?$AAO?$AAC?$AA?$CF?$AAs?$AA?5?$AAi?$AAo?$AAc?$AAt?$AAl?$AA?5?$AAr?$AAe?$AAc?$AAe?$AAi@ 10003588     cmemk.obj
 0001:00002610       ??_C@_1JI@CAAHNLGC@?$AAC?$AAM?$AAE?$AAM?$AAK?$AA?5?$AAD?$AAe?$AAb?$AAu?$AAg?$AA?3?$AA?5?$AAA?$AAL?$AAL?$AAO?$AAC?$AAH?$AAE?$AAA?$AAP?$AA?$CF?$AAs?$AA?3?$AA?5?$AAa?$AAl?$AAl?$AAo?$AAc?$AAa@ 10003610     cmemk.obj
 0001:000026a8       ??_C@_1IC@IKJLIPKE@?$AAC?$AAM?$AAE?$AAM?$AAK?$AA?5?$AAE?$AAr?$AAr?$AAo?$AAr?$AA?3?$AA?5?$AAi?$AAo?$AAc?$AAt?$AAl?$AA?3?$AA?5?$AAf?$AAa?$AAi?$AAl?$AAe?$AAd?$AA?5?$AAt?$AAo?$AA?5?$AAm?$AAa@ 100036a8     cmemk.obj
 0001:00002730       ??_C@_1IA@DGANCHDM@?$AAC?$AAM?$AAE?$AAM?$AAK?$AA?5?$AAE?$AAr?$AAr?$AAo?$AAr?$AA?3?$AA?5?$AAi?$AAo?$AAc?$AAt?$AAl?$AA?3?$AA?5?$AAf?$AAa?$AAi?$AAl?$AAe?$AAd?$AA?5?$AAt?$AAo?$AA?5?$AAa?$AAl@ 10003730     cmemk.obj
 0001:000027b0       ??_C@_1GO@HIHOKAPN@?$AAC?$AAM?$AAE?$AAM?$AAK?$AA?5?$AAE?$AAr?$AAr?$AAo?$AAr?$AA?3?$AA?5?$AAi?$AAo?$AAc?$AAt?$AAl?$AA?3?$AA?5?$AAi?$AAn?$AAv?$AAa?$AAl?$AAi?$AAd?$AA?5?$AAb?$AAl?$AAo?$AAc@ 100037b0     cmemk.obj
 0001:00002820       ??_C@_1IG@GKJGLDOM@?$AAC?$AAM?$AAE?$AAM?$AAK?$AA?5?$AAD?$AAe?$AAb?$AAu?$AAg?$AA?3?$AA?5?$AAA?$AAL?$AAL?$AAO?$AAC?$AAH?$AAE?$AAA?$AAP?$AA?$CF?$AAs?$AA?5?$AAi?$AAo?$AAc?$AAt?$AAl?$AA?5?$AAr@ 10003820     cmemk.obj
 0001:000028a6       ??_C@_00CNPNBAHC@?$AA@     100038a6     cmemk.obj
 0001:000028a8       ??_C@_06HAMDABMN@CACHED?$AA@ 100038a8     cmemk.obj
 0001:000028b0       ??_C@_1FO@JPKAAJLM@?$AAC?$AAM?$AAE?$AAM?$AAK?$AA?5?$AAE?$AAr?$AAr?$AAo?$AAr?$AA?3?$AA?5?$AAm?$AAa?$AAp?$AAA?$AAd?$AAd?$AAr?$AAe?$AAs?$AAs?$AA?3?$AA?5?$AAV?$AAi?$AAr?$AAt?$AAu?$AAa?$AAl@ 100038b0     cmemk.obj
 0001:00002910       ??_C@_1HO@HEJCJEEM@?$AAC?$AAM?$AAE?$AAM?$AAK?$AA?5?$AAE?$AAr?$AAr?$AAo?$AAr?$AA?3?$AA?5?$AAm?$AAa?$AAp?$AAA?$AAd?$AAd?$AAr?$AAe?$AAs?$AAs?$AA?3?$AA?5?$AAM?$AAm?$AAM?$AAa?$AAp?$AAI?$AAo@ 10003910     cmemk.obj
 0001:00002990       ??_C@_1HM@FPLHNBAD@?$AAC?$AAM?$AAE?$AAM?$AAK?$AA?5?$AAE?$AAr?$AAr?$AAo?$AAr?$AA?3?$AA?5?$AAm?$AAa?$AAp?$AAA?$AAd?$AAd?$AAr?$AAe?$AAs?$AAs?$AA?3?$AA?5?$AAV?$AAi?$AAr?$AAt?$AAu?$AAa?$AAl@ 10003990     cmemk.obj
 0001:00002a10       ??_C@_1IM@MAGACGEM@?$AAC?$AAM?$AAE?$AAM?$AAK?$AA?5?$AAE?$AAr?$AAr?$AAo?$AAr?$AA?3?$AA?5?$AAm?$AAa?$AAp?$AAA?$AAd?$AAd?$AAr?$AAe?$AAs?$AAs?$AA?3?$AA?5?$AAF?$AAa?$AAi?$AAl?$AAe?$AAd?$AA?5@ 10003a10     cmemk.obj
 0001:00002aa0       ??_C@_1GC@BHAKEIBM@?$AAC?$AAM?$AAE?$AAM?$AAK?$AA?5?$AAE?$AAr?$AAr?$AAo?$AAr?$AA?3?$AA?5?$AAu?$AAn?$AAm?$AAa?$AAp?$AAA?$AAd?$AAd?$AAr?$AAe?$AAs?$AAs?$AA?3?$AA?5?$AAV?$AAi?$AAr?$AAt?$AAu@ 10003aa0     cmemk.obj
 0001:00002b08       ??_C@_1HE@HLGKHAFC@?$AAC?$AAM?$AAE?$AAM?$AAK?$AA?5?$AAE?$AAr?$AAr?$AAo?$AAr?$AA?3?$AA?5?$AAu?$AAn?$AAm?$AAa?$AAp?$AAA?$AAd?$AAd?$AAr?$AAe?$AAs?$AAs?$AA?3?$AA?5?$AAF?$AAa?$AAi?$AAl?$AAe@ 10003b08     cmemk.obj
 0001:00002ba0       HeapMem_alloc              10003ba0 f   cmemk.obj
 0001:00002df8       HeapMem_free               10003df8 f   cmemk.obj
 0001:00002fc0       CMK_Init                   10003fc0 f   cmemk.obj
 0001:00004618       CMK_Deinit                 10005618 f   cmemk.obj
 0001:0000490c       CMK_Open                   1000590c f   cmemk.obj
 0001:00004948       CMK_Close                  10005948 f   cmemk.obj
 0001:000049b0       CMK_Read                   100059b0 f   cmemk.obj
 0001:000049d8       CMK_Write                  100059d8 f   cmemk.obj
 0001:00004a00       CMK_Seek                   10005a00 f   cmemk.obj
 0001:00004a28       CMK_IOControl              10005a28 f   cmemk.obj
 0001:000064f4       CMK_PowerDown              100074f4 f   cmemk.obj
 0001:00006508       CMK_PowerUp                10007508 f   cmemk.obj
 0001:000068dc       GetCurrentProcessId        100078dc f i cmemk.obj
 0001:00006908       FreePhysMem                10007908 f   coredll:COREDLL.dll
 0001:00006918       RegCloseKey                10007918 f   coredll:COREDLL.dll
 0001:00006928       StringCchPrintfW           10007928 f   coredll:COREDLL.dll
 0001:00006938       AllocPhysMem               10007938 f   coredll:COREDLL.dll
 0001:00006948       GetSystemInfo              10007948 f   coredll:COREDLL.dll
 0001:00006958       CreateMutexW               10007958 f   coredll:COREDLL.dll
 0001:00006968       RegQueryValueExW           10007968 f   coredll:COREDLL.dll
 0001:00006978       NKDbgPrintfW               10007978 f   coredll:COREDLL.dll
 0001:00006988       RegOpenKeyExW              10007988 f   coredll:COREDLL.dll
 0001:00006998       LockPages                  10007998 f   coredll:COREDLL.dll
 0001:000069a8       ReleaseMutex               100079a8 f   coredll:COREDLL.dll
 0001:000069b8       WaitForSingleObject        100079b8 f   coredll:COREDLL.dll
 0001:000069c8       CloseHandle                100079c8 f   coredll:COREDLL.dll
 0001:000069d8       InterlockedIncrement       100079d8 f   coredll:COREDLL.dll
 0001:000069e8       InterlockedDecrement       100079e8 f   coredll:COREDLL.dll
 0001:000069f8       CacheRangeFlush            100079f8 f   coredll:COREDLL.dll
 0001:00006a08       GetLastError               10007a08 f   coredll:COREDLL.dll
 0001:00006a18       VirtualFreeEx              10007a18 f   coredll:COREDLL.dll
 0001:00006a28       VirtualCopyEx              10007a28 f   coredll:COREDLL.dll
 0001:00006a38       VirtualAllocEx             10007a38 f   coredll:COREDLL.dll
 0001:00006a48       __GetUserKData             10007a48 f   coredll:COREDLL.dll
 0001:00006a58       MmUnmapIoSpace             10007a58 f   ceddk:CEDDK.dll
 0001:00006a68       MmMapIoSpace               10007a68 f   ceddk:CEDDK.dll
 0001:00006a78       DllMain                    10007a78 f   corelib0:dllmain.obj
 0001:00006ab4       _DllMainCRTStartup         10007ab4 f   corelib0:pegdmain.obj
 0001:00006c5c       __security_init_cookie     10007c5c f   corelib0:seccinit.obj
 0001:00006d24       __GSHandlerCheck           10007d24 f   corelib0:gshandler.obj
 0001:00006d6c       __GSHandlerCheckCommon     10007d6c f   corelib0:gshandler.obj
 0001:00006e14       __security_check_cookie    10007e14 f   corelib0:armsecgs.obj
 0001:00006e28       __gsfailure                10007e28 f   corelib0:armsecgs.obj
 0001:00006e6c       exit                       10007e6c f   corelib0:cexit.obj
 0001:00006fb0       _exit                      10007fb0 f   corelib0:cexit.obj
 0001:00006fd4       _cexit                     10007fd4 f   corelib0:cexit.obj
 0001:00006ff0       _c_exit                    10007ff0 f   corelib0:cexit.obj
 0001:0000700c       GetCurrentProcess          1000800c f i corelib0:cexit.obj
 0001:00007024       _initterm                  10008024 f   corelib0:crt0dat.obj
 0001:00007078       _cinit                     10008078 f   corelib0:crt0dat.obj
 0001:000070ac       _onexit                    100080ac f   corelib0:onexit.obj
 0001:0000728c       atexit                     1000828c f   corelib0:onexit.obj
 0001:000072e0       memset                     100082e0 f   corelib1:COREDLL.dll
 0001:000072f0       malloc                     100082f0 f   corelib1:COREDLL.dll
 0001:00007300       __rt_udiv                  10008300 f   corelib1:COREDLL.dll
 0001:00007310       free                       10008310 f   corelib1:COREDLL.dll
 0001:00007320       memcpy                     10008320 f   corelib1:COREDLL.dll
 0001:00007330       _XcptFilter                10008330 f   corelib1:COREDLL.dll
 0001:00007340       __C_specific_handler       10008340 f   corelib1:COREDLL.dll
 0001:00007350       __security_gen_cookie2     10008350 f   corelib1:COREDLL.dll
 0001:00007360       __report_gsfailure         10008360 f   corelib1:COREDLL.dll
 0001:00007370       realloc                    10008370 f   corelib1:COREDLL.dll
 0001:00007380       _msize                     10008380 f   corelib1:COREDLL.dll
 0001:00007390       DisableThreadLibraryCalls  10008390 f   coredll:COREDLL.dll
 0001:000073a0       TerminateProcess           100083a0 f   coredll:COREDLL.dll
 0001:000073c8       __IMPORT_DESCRIPTOR_COREDLL 100083c8     coredll:COREDLL.dll
 0001:000073dc       __IMPORT_DESCRIPTOR_CEDDK  100083dc     ceddk:CEDDK.dll
 0001:000073f0       __NULL_IMPORT_DESCRIPTOR   100083f0     coredll:COREDLL.dll
 0002:00000000       __imp_MmUnmapIoSpace       10009000     ceddk:CEDDK.dll
 0002:00000004       __imp_MmMapIoSpace         10009004     ceddk:CEDDK.dll
 0002:00000008       \177CEDDK_NULL_THUNK_DATA  10009008     ceddk:CEDDK.dll
 0002:0000000c       __imp_AllocPhysMem         1000900c     coredll:COREDLL.dll
 0002:00000010       __imp_GetSystemInfo        10009010     coredll:COREDLL.dll
 0002:00000014       __imp_CreateMutexW         10009014     coredll:COREDLL.dll
 0002:00000018       __imp_RegQueryValueExW     10009018     coredll:COREDLL.dll
 0002:0000001c       __imp_NKDbgPrintfW         1000901c     coredll:COREDLL.dll
 0002:00000020       __imp_RegOpenKeyExW        10009020     coredll:COREDLL.dll
 0002:00000024       __imp_LockPages            10009024     coredll:COREDLL.dll
 0002:00000028       __imp_ReleaseMutex         10009028     coredll:COREDLL.dll
 0002:0000002c       __imp_WaitForSingleObject  1000902c     coredll:COREDLL.dll
 0002:00000030       __imp_StringCchPrintfW     10009030     coredll:COREDLL.dll
 0002:00000034       __imp_InterlockedIncrement 10009034     coredll:COREDLL.dll
 0002:00000038       __imp_InterlockedDecrement 10009038     coredll:COREDLL.dll
 0002:0000003c       __imp_CacheRangeFlush      1000903c     coredll:COREDLL.dll
 0002:00000040       __imp_GetLastError         10009040     coredll:COREDLL.dll
 0002:00000044       __imp_VirtualFreeEx        10009044     coredll:COREDLL.dll
 0002:00000048       __imp_VirtualCopyEx        10009048     coredll:COREDLL.dll
 0002:0000004c       __imp_VirtualAllocEx       1000904c     coredll:COREDLL.dll
 0002:00000050       __imp___GetUserKData       10009050     coredll:COREDLL.dll
 0002:00000054       __imp_RegCloseKey          10009054     coredll:COREDLL.dll
 0002:00000058       __imp_CloseHandle          10009058     coredll:COREDLL.dll
 0002:0000005c       __imp_FreePhysMem          1000905c     coredll:COREDLL.dll
 0002:00000060       __imp_memset               10009060     corelib1:COREDLL.dll
 0002:00000064       __imp_malloc               10009064     corelib1:COREDLL.dll
 0002:00000068       __imp___rt_udiv            10009068     corelib1:COREDLL.dll
 0002:0000006c       __imp_free                 1000906c     corelib1:COREDLL.dll
 0002:00000070       __imp_memcpy               10009070     corelib1:COREDLL.dll
 0002:00000074       __imp__XcptFilter          10009074     corelib1:COREDLL.dll
 0002:00000078       __imp___C_specific_handler 10009078     corelib1:COREDLL.dll
 0002:0000007c       __imp___security_gen_cookie2 1000907c     corelib1:COREDLL.dll
 0002:00000080       __imp___report_gsfailure   10009080     corelib1:COREDLL.dll
 0002:00000084       __imp_realloc              10009084     corelib1:COREDLL.dll
 0002:00000088       __imp__msize               10009088     corelib1:COREDLL.dll
 0002:0000008c       __imp_DisableThreadLibraryCalls 1000908c     coredll:COREDLL.dll
 0002:00000090       __imp_TerminateProcess     10009090     coredll:COREDLL.dll
 0002:00000094       \177COREDLL_NULL_THUNK_DATA 10009094     coredll:COREDLL.dll
 0002:000000a4       __security_cookie          100090a4     corelib0:seccinit.obj
 0002:000000a8       __security_cookie_complement 100090a8     corelib0:seccinit.obj
 0002:00000564       _exitflag                  10009564     corelib0:cexit.obj
 0002:00000580       p_objs                     10009580     <common>
 0002:00002180       CMKDevice                  1000b180     <common>
 0002:00002188       gdwPageSize                1000b188     <common>
 0002:0000218c       __onexitend                1000b18c     <common>
 0002:00002190       __onexitbegin              1000b190     <common>
 0002:00002194       _pRawDllMain               1000b194     <common>

 entry point at        0001:00006ab4

 Static symbols

 0001:00003e88       alloc_pool                 10004e88 f   cmemk.obj
 0001:000041a8       get_phys                   100051a8 f   cmemk.obj
 0001:00004350       alloc_pool_buffer          10005350 f   cmemk.obj
 0001:00004498       dump_lists                 10005498 f   cmemk.obj
 0001:00006320       find_busy_entry            10007320 f   cmemk.obj
 0001:0000651c       mapAddress                 1000751c f   cmemk.obj
 0001:00006780       unmapAddress               10007780 f   cmemk.obj
 0001:00006b08       _DllMainCRTStartupHelper   10007b08 f   corelib0:pegdmain.obj
 0001:00006e90       doexit                     10007e90 f   corelib0:cexit.obj
