 cmem_apitest

 Timestamp is 4cd9a948 (Tue Nov 09 12:04:24 2010)

 Preferred load address is 00010000

 Start         Length     Name                   Class
 0001:00000000 00000004H .CRT$XCA                CODE
 0001:00000004 00000004H .CRT$XCZ                CODE
 0001:00000008 00000004H .CRT$XIA                CODE
 0001:0000000c 00000004H .CRT$XIZ                CODE
 0001:00000010 00000004H .CRT$XPA                CODE
 0001:00000014 00000004H .CRT$XPZ                CODE
 0001:00000018 00000004H .CRT$XTA                CODE
 0001:0000001c 00000004H .CRT$XTZ                CODE
 0001:00000020 00000044H .rdata                  CODE
 0001:00000064 00000029H .rdata$debug            CODE
 0001:00000090 00000c24H .text                   CODE
 0001:00000cb4 00000014H .idata$2                CODE
 0001:00000cc8 00000014H .idata$3                CODE
 0001:00000cdc 00000028H .idata$4                CODE
 0001:00000d04 0000000cH .idata$6                CODE
 0001:00000d10 00000000H .edata                  CODE
 0002:00000000 00000028H .idata$5                DATA
 0002:00000028 00000018H .data                   DATA
 0002:00000040 00004028H .bss                    DATA
 0003:00000000 000000b0H .pdata                  DATA

  Address         Publics by Value              Rva+Base       Lib:Object

 0000:00000000       ___safe_se_handler_table   00000000     <absolute>
 0000:00000000       ___safe_se_handler_count   00000000     <absolute>
 0001:00000000       __xc_a                     00011000     corelib0:crt0init.obj
 0001:00000004       __xc_z                     00011004     corelib0:crt0init.obj
 0001:00000008       __xi_a                     00011008     corelib0:crt0init.obj
 0001:0000000c       __xi_z                     0001100c     corelib0:crt0init.obj
 0001:00000010       __xp_a                     00011010     corelib0:crt0init.obj
 0001:00000014       __xp_z                     00011014     corelib0:crt0init.obj
 0001:00000018       __xt_a                     00011018     corelib0:crt0init.obj
 0001:0000001c       __xt_z                     0001101c     corelib0:crt0init.obj
 0001:0000003c       ??_C@_04MJHCKDHM@1024?$AA@ 0001103c     apitest.obj
 0001:00000044       ??_C@_0BC@KMKLDNNJ@apitest_wince?4exe?$AA@ 00011044     apitest.obj
 0001:00000058       ??_C@_1M@IMNEMCPG@?$AAC?$AAM?$AAK?$AA1?$AA?3?$AA?$AA@ 00011058     cmem:cmem.obj
 0001:00000090       testHeap                   00011090 f   apitest.obj
 0001:000001a8       testCache                  000111a8 f   apitest.obj
 0001:000003fc       main                       000113fc f   apitest.obj
 0001:000005b4       CMEM_allocPool             000115b4 f   cmem:cmem.obj
 0001:000005d0       CMEM_free                  000115d0 f   cmem:cmem.obj
 0001:0000064c       CMEM_getPool               0001164c f   cmem:cmem.obj
 0001:000006c0       CMEM_getPool2              000116c0 f   cmem:cmem.obj
 0001:00000734       CMEM_getPhys               00011734 f   cmem:cmem.obj
 0001:000007a0       CMEM_cacheInv              000117a0 f   cmem:cmem.obj
 0001:00000818       CMEM_getVersion            00011818 f   cmem:cmem.obj
 0001:00000900       CMEM_getBlockAttrs         00011900 f   cmem:cmem.obj
 0001:00000914       CMEM_exit                  00011914 f   cmem:cmem.obj
 0001:0000094c       CMEM_init                  0001194c f   cmem:cmem.obj
 0001:00000a0c       alloc                      00011a0c f   cmem:cmem.obj
 0001:00000ae4       CMEM_alloc                 00011ae4 f   cmem:cmem.obj
 0001:00000b00       CMEM_alloc2                00011b00 f   cmem:cmem.obj
 0001:00000bd8       exit                       00011bd8 f   corelib0:cexit.obj
 0001:00000bf0       _initterm                  00011bf0 f   corelib0:crt0dat.obj
 0001:00000c24       getchar                    00011c24 f   corelib1:COREDLL.dll
 0001:00000c34       atoi                       00011c34 f   corelib1:COREDLL.dll
 0001:00000c44       free                       00011c44 f   corelib1:COREDLL.dll
 0001:00000c54       __GetUserKData             00011c54 f   coredll:COREDLL.dll
 0001:00000c64       DeviceIoControl            00011c64 f   coredll:COREDLL.dll
 0001:00000c74       CloseHandle                00011c74 f   coredll:COREDLL.dll
 0001:00000c84       GetSystemInfo              00011c84 f   coredll:COREDLL.dll
 0001:00000c94       CreateFileW                00011c94 f   coredll:COREDLL.dll
 0001:00000ca4       TerminateProcess           00011ca4 f   coredll:COREDLL.dll
 0001:00000cb4       __IMPORT_DESCRIPTOR_COREDLL 00011cb4     corelib1:COREDLL.dll
 0001:00000cc8       __NULL_IMPORT_DESCRIPTOR   00011cc8     corelib1:COREDLL.dll
 0002:00000000       __imp_getchar              00012000     corelib1:COREDLL.dll
 0002:00000004       __imp_atoi                 00012004     corelib1:COREDLL.dll
 0002:00000008       __imp_free                 00012008     corelib1:COREDLL.dll
 0002:0000000c       __imp___GetUserKData       0001200c     coredll:COREDLL.dll
 0002:00000010       __imp_DeviceIoControl      00012010     coredll:COREDLL.dll
 0002:00000014       __imp_CloseHandle          00012014     coredll:COREDLL.dll
 0002:00000018       __imp_GetSystemInfo        00012018     coredll:COREDLL.dll
 0002:0000001c       __imp_CreateFileW          0001201c     coredll:COREDLL.dll
 0002:00000020       __imp_TerminateProcess     00012020     coredll:COREDLL.dll
 0002:00000024       \177COREDLL_NULL_THUNK_DATA 00012024     corelib1:COREDLL.dll
 0002:00000028       ARGC                       00012028     apitest.obj
 0002:0000002c       ARGV                       0001202c     apitest.obj
 0002:00000034       CMEM_DEFAULTPARAMS         00012034     cmem:cmem.obj
 0002:0000004c       _exitflag                  0001204c     corelib0:cexit.obj
 0002:00000060       heap_ptrs                  00012060     <common>
 0002:00004060       __onexitend                00016060     <common>
 0002:00004064       __onexitbegin              00016064     <common>

 entry point at        0001:000003fc

 Static symbols

 0001:0000049c       allocFromHeap              0001149c f   cmem:cmem.obj
 0001:00000520       allocPool                  00011520 f   cmem:cmem.obj
 0001:0000087c       getBlock                   0001187c f   cmem:cmem.obj
 0001:00000b10       doexit                     00011b10 f   corelib0:cexit.obj
