 cmem_apitest

 Timestamp is 4cd9a8cb (Tue Nov 09 12:02:19 2010)

 Preferred load address is 00010000

 Start         Length     Name                   Class
 0001:00000000 00000004H .CRT$XCA                CODE
 0001:00000004 00000004H .CRT$XCZ                CODE
 0001:00000008 00000004H .CRT$XIA                CODE
 0001:0000000c 00000004H .CRT$XIZ                CODE
 0001:00000010 00000004H .CRT$XPA                CODE
 0001:00000014 00000004H .CRT$XPZ                CODE
 0001:00000018 00000004H .CRT$XTA                CODE
 0001:0000001c 00000004H .CRT$XTZ                CODE
 0001:00000020 00002f9aH .rdata                  CODE
 0001:00002fbc 00000029H .rdata$debug            CODE
 0001:00002fe8 0000273cH .text                   CODE
 0001:00005724 00000014H .idata$2                CODE
 0001:00005738 00000014H .idata$3                CODE
 0001:0000574c 00000044H .idata$4                CODE
 0001:00005790 0000000cH .idata$6                CODE
 0001:0000579c 00000000H .edata                  CODE
 0002:00000000 00000044H .idata$5                DATA
 0002:00000044 00000018H .data                   DATA
 0002:00000060 00004028H .bss                    DATA
 0003:00000000 00000148H .pdata                  DATA

  Address         Publics by Value              Rva+Base       Lib:Object

 0000:00000000       ___safe_se_handler_table   00000000     <absolute>
 0000:00000000       ___safe_se_handler_count   00000000     <absolute>
 0001:00000000       __xc_a                     00011000     corelib0:crt0init.obj
 0001:00000004       __xc_z                     00011004     corelib0:crt0init.obj
 0001:00000008       __xi_a                     00011008     corelib0:crt0init.obj
 0001:0000000c       __xi_z                     0001100c     corelib0:crt0init.obj
 0001:00000010       __xp_a                     00011010     corelib0:crt0init.obj
 0001:00000014       __xp_z                     00011014     corelib0:crt0init.obj
 0001:00000018       __xt_a                     00011018     corelib0:crt0init.obj
 0001:0000001c       __xt_z                     0001101c     corelib0:crt0init.obj
 0001:0000003c       ??_C@_04MJHCKDHM@1024?$AA@ 0001103c     apitest.obj
 0001:00000044       ??_C@_0BC@KMKLDNNJ@apitest_wince?4exe?$AA@ 00011044     apitest.obj
 0001:00000058       ??_C@_1CK@EKFKJOAO@?$AAC?$AAM?$AAE?$AAM?$AA?5?$AAD?$AAe?$AAb?$AAu?$AAg?$AA?3?$AA?5?$AA?4?$AA?4?$AA?4?$AAd?$AAo?$AAn?$AAe?$AA?6?$AA?$AA@ 00011058     apitest.obj
 0001:00000088       ??_C@_1FK@JGGCDFCC@?$AAC?$AAM?$AAE?$AAM?$AA?5?$AAD?$AAe?$AAb?$AAu?$AAg?$AA?3?$AA?5?$AA?4?$AA?4?$AA?4?$AAd?$AAo?$AAn?$AAe?$AA?0?$AA?5?$AAf?$AAr?$AAe?$AAe?$AAi?$AAn?$AAg?$AA?5?$AAh?$AAe?$AAa@ 00011088     apitest.obj
 0001:000000e8       ??_C@_1GA@LJLCIILN@?$AAC?$AAM?$AAE?$AAM?$AA?5?$AAD?$AAe?$AAb?$AAu?$AAg?$AA?3?$AA?5?$AAe?$AAr?$AAr?$AAo?$AAr?$AA?5?$AAr?$AAe?$AA?9?$AAa?$AAl?$AAl?$AAo?$AAc?$AAa?$AAt?$AAi?$AAn?$AAg?$AA?5@ 000110e8     apitest.obj
 0001:00000148       ??_C@_1FE@NOABKNPO@?$AAC?$AAM?$AAE?$AAM?$AA?5?$AAD?$AAe?$AAb?$AAu?$AAg?$AA?3?$AA?5?$AAa?$AAl?$AAl?$AAo?$AAc?$AAa?$AAt?$AAi?$AAn?$AAg?$AA?5?$AA?$CF?$AAd?$AA?5?$AAh?$AAe?$AAa?$AAp?$AA?5?$AAb@ 00011148     apitest.obj
 0001:000001a0       ??_C@_1EE@MIKINHML@?$AAC?$AAM?$AAE?$AAM?$AA?5?$AAD?$AAe?$AAb?$AAu?$AAg?$AA?3?$AA?5?$AAe?$AAr?$AAr?$AAo?$AAr?$AA?5?$AAf?$AAr?$AAe?$AAe?$AAi?$AAn?$AAg?$AA?5?$AAb?$AAl?$AAo?$AAc?$AAk?$AAs@ 000111a0     apitest.obj
 0001:000001e8       ??_C@_1EI@BKPLHBGB@?$AAC?$AAM?$AAE?$AAM?$AA?5?$AAD?$AAe?$AAb?$AAu?$AAg?$AA?3?$AA?5?$AAf?$AAr?$AAe?$AAe?$AAi?$AAn?$AAg?$AA?5?$AAh?$AAe?$AAa?$AAp?$AA?5?$AAb?$AAl?$AAo?$AAc?$AAk?$AAs?$AA?4@ 000111e8     apitest.obj
 0001:00000230       ??_C@_1JE@JENCBDEO@?$AAC?$AAM?$AAE?$AAM?$AA?5?$AAD?$AAe?$AAb?$AAu?$AAg?$AA?3?$AA?5?$AAP?$AAr?$AAe?$AAs?$AAs?$AA?5?$AAE?$AAN?$AAT?$AAE?$AAR?$AA?5?$AAt?$AAo?$AA?5?$AAc?$AAo?$AAn?$AAt?$AAi@ 00011230     apitest.obj
 0001:000002c8       ??_C@_1EG@JOPMKKAN@?$AAC?$AAM?$AAE?$AAM?$AA?5?$AAD?$AAe?$AAb?$AAu?$AAg?$AA?3?$AA?5?$AA?4?$AA?4?$AA?4?$AAd?$AAo?$AAn?$AAe?$AA?0?$AA?5?$AA?$CF?$AAd?$AA?5?$AAa?$AAl?$AAl?$AAo?$AAc?$AAa?$AAt?$AAe@ 000112c8     apitest.obj
 0001:00000310       ??_C@_1IE@CMLBLJDM@?$AAC?$AAM?$AAE?$AAM?$AA?5?$AAD?$AAe?$AAb?$AAu?$AAg?$AA?3?$AA?5?$AAa?$AAl?$AAl?$AAo?$AAc?$AAa?$AAt?$AAi?$AAn?$AAg?$AA?5?$AAh?$AAe?$AAa?$AAp?$AA?5?$AAb?$AAu?$AAf?$AAf@ 00011310     apitest.obj
 0001:00000398       ??_C@_1FO@LOGJMALI@?$AAC?$AAM?$AAE?$AAM?$AA?5?$AAD?$AAe?$AAb?$AAu?$AAg?$AA?3?$AA?5?$AAS?$AAu?$AAc?$AAc?$AAe?$AAs?$AAs?$AAf?$AAu?$AAl?$AAl?$AAy?$AA?5?$AAf?$AAr?$AAe?$AAe?$AAd?$AA?5?$AAb@ 00011398     apitest.obj
 0001:000003f8       ??_C@_1FE@LIHDMFNK@?$AAC?$AAM?$AAE?$AAM?$AA?5?$AAD?$AAe?$AAb?$AAu?$AAg?$AA?3?$AA?5?$AAF?$AAa?$AAi?$AAl?$AAe?$AAd?$AA?5?$AAt?$AAo?$AA?5?$AAf?$AAr?$AAe?$AAe?$AA?5?$AAb?$AAu?$AAf?$AAf?$AAe@ 000113f8     apitest.obj
 0001:00000450       ??_C@_1IM@FJCHNFB@?$AAC?$AAM?$AAE?$AAM?$AA?5?$AAD?$AAe?$AAb?$AAu?$AAg?$AA?3?$AA?5?$AAP?$AAr?$AAe?$AAs?$AAs?$AA?5?$AAE?$AAN?$AAT?$AAE?$AAR?$AA?5?$AAt?$AAo?$AA?5?$AAe?$AAx?$AAi?$AAt?$AA?5@ 00011450     apitest.obj
 0001:000004e0       ??_C@_1HE@FHFEDGIC@?$AAC?$AAM?$AAE?$AAM?$AA?5?$AAD?$AAe?$AAb?$AAu?$AAg?$AA?3?$AA?5?$AAA?$AAl?$AAs?$AAo?$AA?5?$AAl?$AAo?$AAo?$AAk?$AA?5?$AAa?$AAt?$AA?5?$AAy?$AAo?$AAu?$AAr?$AA?5?$AAp?$AAo@ 000114e0     apitest.obj
 0001:00000558       ??_C@_1GG@GJPGAMJC@?$AAC?$AAM?$AAE?$AAM?$AA?5?$AAD?$AAe?$AAb?$AAu?$AAg?$AA?3?$AA?5?$AAG?$AAo?$AAt?$AA?5?$AAa?$AA?5?$AAp?$AAo?$AAo?$AAl?$AA?5?$AA?$CI?$AA?$CF?$AAd?$AA?$CJ?$AA?5?$AAt?$AAh?$AAa?$AAt@ 00011558     apitest.obj
 0001:000005c0       ??_C@_1GK@EIIBBOGD@?$AAC?$AAM?$AAE?$AAM?$AA?5?$AAD?$AAe?$AAb?$AAu?$AAg?$AA?3?$AA?5?$AAF?$AAa?$AAi?$AAl?$AAe?$AAd?$AA?5?$AAt?$AAo?$AA?5?$AAg?$AAe?$AAt?$AA?5?$AAa?$AA?5?$AAp?$AAo?$AAo?$AAl@ 000115c0     apitest.obj
 0001:00000630       ??_C@_1EO@BGHLODNO@?$AAC?$AAM?$AAE?$AAM?$AA?5?$AAD?$AAe?$AAb?$AAu?$AAg?$AA?3?$AA?5?$AAA?$AAl?$AAl?$AAo?$AAc?$AAa?$AAt?$AAi?$AAn?$AAg?$AA?5?$AAs?$AAe?$AAc?$AAo?$AAn?$AAd?$AA?5?$AAb?$AAu@ 00011630     apitest.obj
 0001:00000680       ??_C@_1EO@LCMIHFBH@?$AAC?$AAM?$AAE?$AAM?$AA?5?$AAD?$AAe?$AAb?$AAu?$AAg?$AA?3?$AA?5?$AAp?$AAo?$AAs?$AAt?$AA?9?$AAi?$AAn?$AAv?$AA?5?$AA?$CK?$AAp?$AAt?$AAr?$AA1?$AA_?$AAc?$AAa?$AAc?$AAh?$AAe@ 00011680     apitest.obj
 0001:000006d0       ??_C@_1EO@NODFGNKJ@?$AAC?$AAM?$AAE?$AAM?$AA?5?$AAD?$AAe?$AAb?$AAu?$AAg?$AA?3?$AA?5?$AAw?$AAr?$AAo?$AAt?$AAe?$AA?5?$AA0?$AAx?$AA?$CF?$AAx?$AA?5?$AAt?$AAo?$AA?5?$AA?$CK?$AAp?$AAt?$AAr?$AA1?$AA_@ 000116d0     apitest.obj
 0001:00000720       ??_C@_1FC@NPCGMDIJ@?$AAC?$AAM?$AAE?$AAM?$AA?5?$AAD?$AAe?$AAb?$AAu?$AAg?$AA?3?$AA?5?$AAp?$AAo?$AAs?$AAt?$AA?9?$AAf?$AAl?$AAu?$AAs?$AAh?$AA?5?$AA?$CK?$AAp?$AAt?$AAr?$AA1?$AA_?$AAc?$AAa?$AAc@ 00011720     apitest.obj
 0001:00000778       ??_C@_1FC@HONHKAHI@?$AAC?$AAM?$AAE?$AAM?$AA?5?$AAD?$AAe?$AAb?$AAu?$AAg?$AA?3?$AA?5?$AAI?$AAn?$AAv?$AAa?$AAl?$AAi?$AAd?$AAa?$AAt?$AAe?$AA?5?$AAc?$AAa?$AAc?$AAh?$AAe?$AAd?$AA?5?$AAb?$AAu@ 00011778     apitest.obj
 0001:000007d0       ??_C@_1EK@HBIBOILM@?$AAC?$AAM?$AAE?$AAM?$AA?5?$AAD?$AAe?$AAb?$AAu?$AAg?$AA?3?$AA?5?$AAR?$AA?9?$AAM?$AA?9?$AAW?$AA?5?$AAc?$AAa?$AAc?$AAh?$AAe?$AAd?$AA?5?$AAb?$AAu?$AAf?$AAf?$AAe?$AAr?$AA?5@ 000117d0     apitest.obj
 0001:00000820       ??_C@_1FA@CMKGCONF@?$AAC?$AAM?$AAE?$AAM?$AA?5?$AAD?$AAe?$AAb?$AAu?$AAg?$AA?3?$AA?5?$AAR?$AA?9?$AAM?$AA?9?$AAW?$AA?5?$AAn?$AAo?$AAn?$AAc?$AAa?$AAc?$AAh?$AAe?$AAd?$AA?5?$AAb?$AAu?$AAf?$AAf@ 00011820     apitest.obj
 0001:00000870       ??_C@_1IK@EPPOJJHN@?$AAC?$AAM?$AAE?$AAM?$AA?5?$AAD?$AAe?$AAb?$AAu?$AAg?$AA?3?$AA?5?$AAM?$AAe?$AAa?$AAs?$AAu?$AAr?$AAi?$AAn?$AAg?$AA?5?$AAR?$AA?9?$AAM?$AA?9?$AAW?$AA?5?$AAp?$AAe?$AAr?$AAf@ 00011870     apitest.obj
 0001:00000900       ??_C@_1GK@DMOBBDFE@?$AAC?$AAM?$AAE?$AAM?$AA?5?$AAD?$AAe?$AAb?$AAu?$AAg?$AA?3?$AA?5?$AAA?$AAl?$AAl?$AAo?$AAc?$AAa?$AAt?$AAi?$AAn?$AAg?$AA?5?$AAn?$AAo?$AAn?$AAc?$AAa?$AAc?$AAh?$AAe?$AAd@ 00011900     apitest.obj
 0001:00000970       ??_C@_1FK@CBOCBED@?$AAC?$AAM?$AAE?$AAM?$AA?5?$AAD?$AAe?$AAb?$AAu?$AAg?$AA?3?$AA?5?$AAA?$AAl?$AAl?$AAo?$AAc?$AAa?$AAt?$AAi?$AAn?$AAg?$AA?5?$AAf?$AAi?$AAr?$AAs?$AAt?$AA?5?$AAc?$AAa?$AAc@ 00011970     apitest.obj
 0001:000009d0       ??_C@_1HE@GLDDPKCO@?$AAC?$AAM?$AAE?$AAM?$AA?5?$AAD?$AAe?$AAb?$AAu?$AAg?$AA?3?$AA?5?$AAP?$AAh?$AAy?$AAs?$AAi?$AAc?$AAa?$AAl?$AA?5?$AAa?$AAd?$AAd?$AAr?$AAe?$AAs?$AAs?$AA?5?$AAo?$AAf?$AA?5@ 000119d0     apitest.obj
 0001:00000a48       ??_C@_1HE@GCDNPCNE@?$AAC?$AAM?$AAE?$AAM?$AA?5?$AAD?$AAe?$AAb?$AAu?$AAg?$AA?3?$AA?5?$AAF?$AAa?$AAi?$AAl?$AAe?$AAd?$AA?5?$AAt?$AAo?$AA?5?$AAg?$AAe?$AAt?$AA?5?$AAp?$AAh?$AAy?$AAs?$AAi?$AAc@ 00011a48     apitest.obj
 0001:00000ac0       ??_C@_1HC@PNAMJAEN@?$AAC?$AAM?$AAE?$AAM?$AA?5?$AAD?$AAe?$AAb?$AAu?$AAg?$AA?3?$AA?5?$AAA?$AAl?$AAl?$AAo?$AAc?$AAa?$AAt?$AAe?$AAd?$AA?5?$AAb?$AAu?$AAf?$AAf?$AAe?$AAr?$AA?5?$AAo?$AAf?$AA?5@ 00011ac0     apitest.obj
 0001:00000b38       ??_C@_1GE@HKKKOAAM@?$AAC?$AAM?$AAE?$AAM?$AA?5?$AAD?$AAe?$AAb?$AAu?$AAg?$AA?3?$AA?5?$AAF?$AAa?$AAi?$AAl?$AAe?$AAd?$AA?5?$AAt?$AAo?$AA?5?$AAa?$AAl?$AAl?$AAo?$AAc?$AAa?$AAt?$AAe?$AA?5?$AAb@ 00011b38     apitest.obj
 0001:00000ba0       ??_C@_1GA@BPOMFHKH@?$AAC?$AAM?$AAE?$AAM?$AA?5?$AAD?$AAe?$AAb?$AAu?$AAg?$AA?3?$AA?5?$AAA?$AAl?$AAl?$AAo?$AAc?$AAa?$AAt?$AAi?$AAn?$AAg?$AA?5?$AAf?$AAi?$AAr?$AAs?$AAt?$AA?5?$AAn?$AAo?$AAn@ 00011ba0     apitest.obj
 0001:00000c00       ??_C@_1GA@PCBOKHKI@?$AAC?$AAM?$AAE?$AAM?$AA?5?$AAD?$AAe?$AAb?$AAu?$AAg?$AA?3?$AA?5?$AAF?$AAa?$AAi?$AAl?$AAe?$AAd?$AA?5?$AAt?$AAo?$AA?5?$AAf?$AAi?$AAn?$AAa?$AAl?$AAi?$AAz?$AAe?$AA?5?$AAt@ 00011c00     apitest.obj
 0001:00000c60       ??_C@_1JE@BFDEAPHH@?$AAC?$AAM?$AAE?$AAM?$AA?5?$AAD?$AAe?$AAb?$AAu?$AAg?$AA?3?$AA?5?$AAm?$AAa?$AAi?$AAn?$AA?3?$AA?5?$AAT?$AAe?$AAs?$AAt?$AAi?$AAn?$AAg?$AA?5?$AAh?$AAe?$AAa?$AAp?$AA?5?$AAa@ 00011c60     apitest.obj
 0001:00000cf8       ??_C@_1HC@CLDCADHL@?$AAC?$AAM?$AAE?$AAM?$AA?5?$AAD?$AAe?$AAb?$AAu?$AAg?$AA?3?$AA?5?$AAm?$AAa?$AAi?$AAn?$AA?3?$AA?5?$AAT?$AAe?$AAs?$AAt?$AAi?$AAn?$AAg?$AA?5?$AAh?$AAe?$AAa?$AAp?$AA?5?$AAa@ 00011cf8     apitest.obj
 0001:00000d70       ??_C@_1HC@LAJHEPBE@?$AAC?$AAM?$AAE?$AAM?$AA?5?$AAD?$AAe?$AAb?$AAu?$AAg?$AA?3?$AA?5?$AAm?$AAa?$AAi?$AAn?$AA?3?$AA?5?$AAT?$AAe?$AAs?$AAt?$AAi?$AAn?$AAg?$AA?5?$AAh?$AAe?$AAa?$AAp?$AA?5?$AAa@ 00011d70     apitest.obj
 0001:00000de8       ??_C@_1IE@JFPDAKOB@?$AAC?$AAM?$AAE?$AAM?$AA?5?$AAD?$AAe?$AAb?$AAu?$AAg?$AA?3?$AA?5?$AAC?$AAM?$AAE?$AAM?$AA?5?$AAm?$AAe?$AAm?$AAo?$AAr?$AAy?$AA?5?$AAb?$AAl?$AAo?$AAc?$AAk?$AA?5?$AA1?$AA?3@ 00011de8     apitest.obj
 0001:00000e70       ??_C@_1HG@PMBGPOND@?$AAC?$AAM?$AAE?$AAM?$AA?5?$AAD?$AAe?$AAb?$AAu?$AAg?$AA?3?$AA?5?$AAF?$AAa?$AAi?$AAl?$AAe?$AAd?$AA?5?$AAt?$AAo?$AA?5?$AAr?$AAe?$AAt?$AAr?$AAi?$AAe?$AAv?$AAe?$AA?5?$AAC@ 00011e70     apitest.obj
 0001:00000ee8       ??_C@_1IE@DLPIFJHF@?$AAC?$AAM?$AAE?$AAM?$AA?5?$AAD?$AAe?$AAb?$AAu?$AAg?$AA?3?$AA?5?$AAC?$AAM?$AAE?$AAM?$AA?5?$AAm?$AAe?$AAm?$AAo?$AAr?$AAy?$AA?5?$AAb?$AAl?$AAo?$AAc?$AAk?$AA?5?$AA0?$AA?3@ 00011ee8     apitest.obj
 0001:00000f70       ??_C@_1HG@JJHBMFJF@?$AAC?$AAM?$AAE?$AAM?$AA?5?$AAD?$AAe?$AAb?$AAu?$AAg?$AA?3?$AA?5?$AAF?$AAa?$AAi?$AAl?$AAe?$AAd?$AA?5?$AAt?$AAo?$AA?5?$AAr?$AAe?$AAt?$AAr?$AAi?$AAe?$AAv?$AAe?$AA?5?$AAC@ 00011f70     apitest.obj
 0001:00000fe8       ??_C@_1EC@KKGKPOBE@?$AAC?$AAM?$AAE?$AAM?$AA?5?$AAD?$AAe?$AAb?$AAu?$AAg?$AA?3?$AA?5?$AAC?$AAM?$AAE?$AAM?$AA?5?$AAv?$AAe?$AAr?$AAs?$AAi?$AAo?$AAn?$AA?5?$AA?$DN?$AA?5?$AA0?$AAx?$AA?$CF?$AAx?$AA?6@ 00011fe8     apitest.obj
 0001:00001030       ??_C@_1FK@JEJAOPHI@?$AAC?$AAM?$AAE?$AAM?$AA?5?$AAD?$AAe?$AAb?$AAu?$AAg?$AA?3?$AA?5?$AAF?$AAa?$AAi?$AAl?$AAe?$AAd?$AA?5?$AAt?$AAo?$AA?5?$AAr?$AAe?$AAt?$AAr?$AAi?$AAe?$AAv?$AAe?$AA?5?$AAC@ 00012030     apitest.obj
 0001:0000108c       ??_C@_1DO@DDGKLPOD@?$AAC?$AAM?$AAE?$AAM?$AA?5?$AAD?$AAe?$AAb?$AAu?$AAg?$AA?3?$AA?5?$AAC?$AAM?$AAE?$AAM?$AA?5?$AAi?$AAn?$AAi?$AAt?$AAi?$AAa?$AAl?$AAi?$AAz?$AAe?$AAd?$AA?4?$AA?6?$AA?$AA@ 0001208c     apitest.obj
 0001:000010d0       ??_C@_1EO@EKHBALIP@?$AAC?$AAM?$AAE?$AAM?$AA?5?$AAD?$AAe?$AAb?$AAu?$AAg?$AA?3?$AA?5?$AAF?$AAa?$AAi?$AAl?$AAe?$AAd?$AA?5?$AAt?$AAo?$AA?5?$AAi?$AAn?$AAi?$AAt?$AAi?$AAa?$AAl?$AAi?$AAz?$AAe@ 000120d0     apitest.obj
 0001:00001120       ??_C@_1GK@EFKHFNKP@?$AAC?$AAM?$AAE?$AAM?$AA?5?$AAD?$AAe?$AAb?$AAu?$AAg?$AA?3?$AA?5?$AAU?$AAs?$AAa?$AAg?$AAe?$AA?3?$AA?5?$AA?$CF?$AAs?$AA?5?$AA?$DM?$AAN?$AAu?$AAm?$AAb?$AAe?$AAr?$AA?5?$AAo?$AAf@ 00012120     apitest.obj
 0001:00001190       ??_C@_1FM@NMIHGKJ@?$AAC?$AAM?$AAE?$AAM?$AA?5?$AAD?$AAe?$AAb?$AAu?$AAg?$AA?3?$AA?5?$AAi?$AAn?$AAi?$AAt?$AA?3?$AA?5?$AAe?$AAx?$AAi?$AAt?$AAi?$AAn?$AAg?$AA?0?$AA?5?$AAr?$AAe?$AAt?$AAu?$AAr@ 00012190     cmem:cmem.obj
 0001:000011f0       ??_C@_1FA@NJLNJHHI@?$AAC?$AAM?$AAE?$AAM?$AA?5?$AAD?$AAe?$AAb?$AAu?$AAg?$AA?3?$AA?5?$AAi?$AAn?$AAi?$AAt?$AA?3?$AA?5?$AA?4?$AA?4?$AA?4?$AA?5?$AAm?$AAa?$AAt?$AAc?$AAh?$AA?5?$AAg?$AAo?$AAo?$AAd@ 000121f0     cmem:cmem.obj
 0001:00001240       ??_C@_1HE@ODCHBFDB@?$AAC?$AAM?$AAE?$AAM?$AA?5?$AAE?$AAr?$AAr?$AAo?$AAr?$AA?3?$AA?5?$AA?5?$AA?5?$AA?5?$AA?5?$AAg?$AAo?$AAt?$AA?5?$AAm?$AAi?$AAn?$AAo?$AAr?$AA?5?$AAv?$AAe?$AAr?$AAs?$AAi?$AAo@ 00012240     cmem:cmem.obj
 0001:000012b8       ??_C@_1HI@IPLHLEIN@?$AAC?$AAM?$AAE?$AAM?$AA?5?$AAE?$AAr?$AAr?$AAo?$AAr?$AA?3?$AA?5?$AA?5?$AA?5?$AA?5?$AA?5?$AAn?$AAe?$AAe?$AAd?$AAs?$AA?5?$AAd?$AAr?$AAi?$AAv?$AAe?$AAr?$AA?5?$AAm?$AAi?$AAn@ 000122b8     cmem:cmem.obj
 0001:00001330       ??_C@_1JA@JFMBJBAB@?$AAC?$AAM?$AAE?$AAM?$AA?5?$AAE?$AAr?$AAr?$AAo?$AAr?$AA?3?$AA?5?$AAi?$AAn?$AAi?$AAt?$AA?3?$AA?5?$AAm?$AAi?$AAn?$AAo?$AAr?$AA?5?$AAv?$AAe?$AAr?$AAs?$AAi?$AAo?$AAn?$AA?5@ 00012330     cmem:cmem.obj
 0001:000013c0       ??_C@_1GG@INBHPGOM@?$AAC?$AAM?$AAE?$AAM?$AA?5?$AAE?$AAr?$AAr?$AAo?$AAr?$AA?3?$AA?5?$AA?5?$AA?5?$AA?5?$AA?5?$AAn?$AAe?$AAe?$AAd?$AAs?$AA?5?$AAd?$AAr?$AAi?$AAv?$AAe?$AAr?$AA?5?$AAv?$AAe?$AAr@ 000123c0     cmem:cmem.obj
 0001:00001428       ??_C@_1JA@JEHKIDEP@?$AAC?$AAM?$AAE?$AAM?$AA?5?$AAE?$AAr?$AAr?$AAo?$AAr?$AA?3?$AA?5?$AAi?$AAn?$AAi?$AAt?$AA?3?$AA?5?$AAm?$AAa?$AAj?$AAo?$AAr?$AA?5?$AAv?$AAe?$AAr?$AAs?$AAi?$AAo?$AAn?$AA?5@ 00012428     cmem:cmem.obj
 0001:000014b8       ??_C@_1JC@DJKOBHAE@?$AAC?$AAM?$AAE?$AAM?$AA?5?$AAD?$AAe?$AAb?$AAu?$AAg?$AA?3?$AA?5?$AAi?$AAn?$AAi?$AAt?$AA?3?$AA?5?$AAs?$AAu?$AAc?$AAc?$AAe?$AAs?$AAs?$AAf?$AAu?$AAl?$AAl?$AAy?$AA?5?$AAo@ 000124b8     cmem:cmem.obj
 0001:00001550       ??_C@_1FK@JLEDBNPH@?$AAC?$AAM?$AAE?$AAM?$AA?5?$AAE?$AAr?$AAr?$AAo?$AAr?$AA?3?$AA?5?$AAi?$AAn?$AAi?$AAt?$AA?3?$AA?5?$AAF?$AAa?$AAi?$AAl?$AAe?$AAd?$AA?5?$AAt?$AAo?$AA?5?$AAo?$AAp?$AAe?$AAn@ 00012550     cmem:cmem.obj
 0001:000015ac       ??_C@_1M@IMNEMCPG@?$AAC?$AAM?$AAK?$AA1?$AA?3?$AA?$AA@ 000125ac     cmem:cmem.obj
 0001:000015b8       ??_C@_1IE@PDBOJMOO@?$AAC?$AAM?$AAE?$AAM?$AA?5?$AAD?$AAe?$AAb?$AAu?$AAg?$AA?3?$AA?5?$AAi?$AAn?$AAi?$AAt?$AA?3?$AA?5?$AAC?$AAM?$AAK?$AA1?$AA?3?$AA?5?$AAa?$AAl?$AAr?$AAe?$AAa?$AAd?$AAy?$AA?5@ 000125b8     cmem:cmem.obj
 0001:00001640       ??_C@_1GI@CCDMEMBC@?$AAC?$AAM?$AAE?$AAM?$AA?5?$AAD?$AAe?$AAb?$AAu?$AAg?$AA?3?$AA?5?$AAi?$AAn?$AAi?$AAt?$AA?3?$AA?5?$AAe?$AAn?$AAt?$AAe?$AAr?$AAe?$AAd?$AA?5?$AA?9?$AA?5?$AAr?$AAe?$AAf?$AA_@ 00012640     cmem:cmem.obj
 0001:000016a8       ??_C@_1KE@CJGOLPKN@?$AAC?$AAM?$AAE?$AAM?$AA?5?$AAD?$AAe?$AAb?$AAu?$AAg?$AA?3?$AA?5?$AAa?$AAl?$AAl?$AAo?$AAc?$AA?3?$AA?5?$AAe?$AAn?$AAt?$AAe?$AAr?$AAe?$AAd?$AA?5?$AAw?$AA?1?$AA?5?$AAs?$AAi@ 000126a8     cmem:cmem.obj
 0001:0000174c       ??_C@_19PPGMMKDP@?$AAH?$AAE?$AAA?$AAP?$AA?$AA@ 0001274c     cmem:cmem.obj
 0001:00001758       ??_C@_19HKBAJOLM@?$AAP?$AAO?$AAO?$AAL?$AA?$AA@ 00012758     cmem:cmem.obj
 0001:00001764       ??_C@_1BE@MMCMEDKB@?$AAN?$AAO?$AAN?$AAC?$AAA?$AAC?$AAH?$AAE?$AAD?$AA?$AA@ 00012764     cmem:cmem.obj
 0001:00001778       ??_C@_1O@HMEMJOMD@?$AAC?$AAA?$AAC?$AAH?$AAE?$AAD?$AA?$AA@ 00012778     cmem:cmem.obj
 0001:00001788       ??_C@_11LOCGONAA@?$AA?$AA@ 00012788     cmem:cmem.obj
 0001:0000178c       ??_C@_1BG@OKFAKFBB@?$AA?5?$AA?$CI?$AAd?$AAe?$AAf?$AAa?$AAu?$AAl?$AAt?$AA?$CJ?$AA?$AA@ 0001278c     cmem:cmem.obj
 0001:000017a8       ??_C@_1EG@GEKPGGFC@?$AAC?$AAM?$AAE?$AAM?$AA?5?$AAE?$AAr?$AAr?$AAo?$AAr?$AA?3?$AA?5?$AA?5?$AA?5?$AA?5?$AA?5?$AAf?$AAa?$AAi?$AAl?$AAu?$AAr?$AAe?$AA?5?$AAm?$AAe?$AAs?$AAs?$AAa?$AAg?$AAe?$AAs@ 000127a8     cmem:cmem.obj
 0001:000017f0       ??_C@_1IG@JBDDMLC@?$AAC?$AAM?$AAE?$AAM?$AA?5?$AAE?$AAr?$AAr?$AAo?$AAr?$AA?3?$AA?5?$AA?5?$AA?5?$AA?5?$AA?5?$AAI?$AAf?$AA?5?$AAC?$AAM?$AAE?$AAM?$AA_?$AAi?$AAn?$AAi?$AAt?$AA?$CI?$AA?$CJ?$AA?5?$AAw@ 000127f0     cmem:cmem.obj
 0001:00001878       ??_C@_1HO@NKGOPDHM@?$AAC?$AAM?$AAE?$AAM?$AA?5?$AAE?$AAr?$AAr?$AAo?$AAr?$AA?3?$AA?5?$AA?5?$AA?5?$AA?5?$AA?5?$AAi?$AAn?$AAi?$AAt?$AAi?$AAa?$AAl?$AAi?$AAz?$AAe?$AA?5?$AAC?$AAM?$AAE?$AAM?$AA?5@ 00012878     cmem:cmem.obj
 0001:000018f8       ??_C@_1II@BDPOLLKM@?$AAC?$AAM?$AAE?$AAM?$AA?5?$AAE?$AAr?$AAr?$AAo?$AAr?$AA?3?$AA?5?$AAE?$AAi?$AAt?$AAh?$AAe?$AAr?$AA?5?$AAC?$AAM?$AAE?$AAM?$AA_?$AAi?$AAn?$AAi?$AAt?$AA?$CI?$AA?$CJ?$AA?5?$AAw@ 000128f8     cmem:cmem.obj
 0001:00001980       ??_C@_1IC@KCLBHEIA@?$AAC?$AAM?$AAE?$AAM?$AA?5?$AAD?$AAe?$AAb?$AAu?$AAg?$AA?3?$AA?5?$AAa?$AAl?$AAl?$AAo?$AAc?$AAP?$AAo?$AAo?$AAl?$AA?3?$AA?5?$AAm?$AAm?$AAa?$AAp?$AA?5?$AAs?$AAu?$AAc?$AAc@ 00012980     cmem:cmem.obj
 0001:00001a08       ??_C@_1HC@IJMDCIDN@?$AAC?$AAM?$AAE?$AAM?$AA?5?$AAE?$AAr?$AAr?$AAo?$AAr?$AA?3?$AA?5?$AAa?$AAl?$AAl?$AAo?$AAc?$AAP?$AAo?$AAo?$AAl?$AA?3?$AA?5?$AAi?$AAo?$AAc?$AAt?$AAl?$AA?5?$AA?$CF?$AAs?$AA?5@ 00012a08     cmem:cmem.obj
 0001:00001a7c       ??_C@_0BE@KLPMOAPL@CMEM_IOCALLOCCACHED?$AA@ 00012a7c     cmem:cmem.obj
 0001:00001a90       ??_C@_0O@MLAGLLMM@CMEM_IOCALLOC?$AA@ 00012a90     cmem:cmem.obj
 0001:00001aa0       ??_C@_1IC@GKACPFMN@?$AAC?$AAM?$AAE?$AAM?$AA?5?$AAD?$AAe?$AAb?$AAu?$AAg?$AA?3?$AA?5?$AAa?$AAl?$AAl?$AAo?$AAc?$AAH?$AAe?$AAa?$AAp?$AA?3?$AA?5?$AAm?$AAm?$AAa?$AAp?$AA?5?$AAs?$AAu?$AAc?$AAc@ 00012aa0     cmem:cmem.obj
 0001:00001b28       ??_C@_1FI@PDJNAMOK@?$AAC?$AAM?$AAE?$AAM?$AA?5?$AAE?$AAr?$AAr?$AAo?$AAr?$AA?3?$AA?5?$AAa?$AAl?$AAl?$AAo?$AAc?$AAH?$AAe?$AAa?$AAp?$AA?3?$AA?5?$AAi?$AAo?$AAc?$AAt?$AAl?$AA?5?$AA?$CF?$AAs?$AA?5@ 00012b28     cmem:cmem.obj
 0001:00001b80       ??_C@_0BI@DKEAIDBJ@CMEM_IOCALLOCHEAPCACHED?$AA@ 00012b80     cmem:cmem.obj
 0001:00001b98       ??_C@_0BC@KANGPNNF@CMEM_IOCALLOCHEAP?$AA@ 00012b98     cmem:cmem.obj
 0001:00001bb0       ??_C@_1IE@CPIFFGMG@?$AAC?$AAM?$AAE?$AAM?$AA?5?$AAD?$AAe?$AAb?$AAu?$AAg?$AA?3?$AA?5?$AAa?$AAl?$AAl?$AAo?$AAc?$AAP?$AAo?$AAo?$AAl?$AA?3?$AA?5?$AAe?$AAn?$AAt?$AAe?$AAr?$AAe?$AAd?$AA?5?$AAw@ 00012bb0     cmem:cmem.obj
 0001:00001c38       ??_C@_1GC@JLKOFGPM@?$AAC?$AAM?$AAE?$AAM?$AA?5?$AAD?$AAe?$AAb?$AAu?$AAg?$AA?3?$AA?5?$AAf?$AAr?$AAe?$AAe?$AA?3?$AA?5?$AAm?$AAu?$AAn?$AAm?$AAa?$AAp?$AA?5?$AAs?$AAu?$AAc?$AAc?$AAe?$AAe?$AAd@ 00012c38     cmem:cmem.obj
 0001:00001ca0       ??_C@_1HI@OHHOKKM@?$AAC?$AAM?$AAE?$AAM?$AA?5?$AAD?$AAe?$AAb?$AAu?$AAg?$AA?3?$AA?5?$AAf?$AAr?$AAe?$AAe?$AA?3?$AA?5?$AAi?$AAo?$AAc?$AAt?$AAl?$AA?5?$AAC?$AAM?$AAE?$AAM?$AA_?$AAI?$AAO?$AAC@ 00012ca0     cmem:cmem.obj
 0001:00001d18       ??_C@_04DGHHAJMG@HEAP?$AA@ 00012d18     cmem:cmem.obj
 0001:00001d20       ??_C@_04OFLDEFLG@POOL?$AA@ 00012d20     cmem:cmem.obj
 0001:00001d28       ??_C@_1EM@BJEPMKEE@?$AAC?$AAM?$AAE?$AAM?$AA?5?$AAE?$AAr?$AAr?$AAo?$AAr?$AA?3?$AA?5?$AAf?$AAr?$AAe?$AAe?$AA?3?$AA?5?$AAf?$AAa?$AAi?$AAl?$AAe?$AAd?$AA?5?$AAt?$AAo?$AA?5?$AAf?$AAr?$AAe?$AAe@ 00012d28     cmem:cmem.obj
 0001:00001d78       ??_C@_1HC@PLPAKFLC@?$AAC?$AAM?$AAE?$AAM?$AA?5?$AAD?$AAe?$AAb?$AAu?$AAg?$AA?3?$AA?5?$AAf?$AAr?$AAe?$AAe?$AA?3?$AA?5?$AAe?$AAn?$AAt?$AAe?$AAr?$AAe?$AAd?$AA?5?$AAw?$AA?1?$AA?5?$AAp?$AAt?$AAr@ 00012d78     cmem:cmem.obj
 0001:00001df0       ??_C@_1FE@LIJFHPGF@?$AAC?$AAM?$AAE?$AAM?$AA?5?$AAD?$AAe?$AAb?$AAu?$AAg?$AA?3?$AA?5?$AAg?$AAe?$AAt?$AAP?$AAo?$AAo?$AAl?$AA?3?$AA?5?$AAe?$AAn?$AAt?$AAe?$AAr?$AAe?$AAd?$AA?5?$AAw?$AA?1?$AA?5@ 00012df0     cmem:cmem.obj
 0001:00001e48       ??_C@_1JK@LLCINNI@?$AAC?$AAM?$AAE?$AAM?$AA?5?$AAD?$AAe?$AAb?$AAu?$AAg?$AA?3?$AA?5?$AAg?$AAe?$AAt?$AAP?$AAo?$AAo?$AAl?$AA?3?$AA?5?$AAe?$AAx?$AAi?$AAt?$AAi?$AAn?$AAg?$AA?0?$AA?5?$AAi?$AAo@ 00012e48     cmem:cmem.obj
 0001:00001ee8       ??_C@_1HK@PAIBBAAG@?$AAC?$AAM?$AAE?$AAM?$AA?5?$AAE?$AAr?$AAr?$AAo?$AAr?$AA?3?$AA?5?$AAg?$AAe?$AAt?$AAP?$AAo?$AAo?$AAl?$AA?3?$AA?5?$AAF?$AAa?$AAi?$AAl?$AAe?$AAd?$AA?5?$AAt?$AAo?$AA?5?$AAg@ 00012ee8     cmem:cmem.obj
 0001:00001f68       ??_C@_1FG@CHPLFONO@?$AAC?$AAM?$AAE?$AAM?$AA?5?$AAD?$AAe?$AAb?$AAu?$AAg?$AA?3?$AA?5?$AAg?$AAe?$AAt?$AAP?$AAo?$AAo?$AAl?$AA2?$AA?3?$AA?5?$AAe?$AAn?$AAt?$AAe?$AAr?$AAe?$AAd?$AA?5?$AAw?$AA?1@ 00012f68     cmem:cmem.obj
 0001:00001fc0       ??_C@_1JO@NLJALCKO@?$AAC?$AAM?$AAE?$AAM?$AA?5?$AAD?$AAe?$AAb?$AAu?$AAg?$AA?3?$AA?5?$AAg?$AAe?$AAt?$AAP?$AAh?$AAy?$AAs?$AA?3?$AA?5?$AAe?$AAx?$AAi?$AAt?$AAi?$AAn?$AAg?$AA?0?$AA?5?$AAi?$AAo@ 00012fc0     cmem:cmem.obj
 0001:00002060       ??_C@_1HI@OPGJOMO@?$AAC?$AAM?$AAE?$AAM?$AA?5?$AAE?$AAr?$AAr?$AAo?$AAr?$AA?3?$AA?5?$AAg?$AAe?$AAt?$AAP?$AAh?$AAy?$AAs?$AA?3?$AA?5?$AAF?$AAa?$AAi?$AAl?$AAe?$AAd?$AA?5?$AAt?$AAo?$AA?5?$AAg@ 00013060     cmem:cmem.obj
 0001:000020d8       ??_C@_1FC@CJFGBFOI@?$AAC?$AAM?$AAE?$AAM?$AA?5?$AAD?$AAe?$AAb?$AAu?$AAg?$AA?3?$AA?5?$AAg?$AAe?$AAt?$AAP?$AAh?$AAy?$AAs?$AA?3?$AA?5?$AAe?$AAn?$AAt?$AAe?$AAr?$AAe?$AAd?$AA?5?$AAw?$AA?1?$AA?5@ 000130d8     cmem:cmem.obj
 0001:00002130       ??_C@_1JI@PNLPBHDB@?$AAC?$AAM?$AAE?$AAM?$AA?5?$AAD?$AAe?$AAb?$AAu?$AAg?$AA?3?$AA?5?$AAc?$AAa?$AAc?$AAh?$AAe?$AAW?$AAb?$AA?3?$AA?5?$AAe?$AAx?$AAi?$AAt?$AAi?$AAn?$AAg?$AA?0?$AA?5?$AAi?$AAo@ 00013130     cmem:cmem.obj
 0001:000021c8       ??_C@_1FM@CCMAPMKD@?$AAC?$AAM?$AAE?$AAM?$AA?5?$AAE?$AAr?$AAr?$AAo?$AAr?$AA?3?$AA?5?$AAc?$AAa?$AAc?$AAh?$AAe?$AAW?$AAb?$AA?3?$AA?5?$AAF?$AAa?$AAi?$AAl?$AAe?$AAd?$AA?5?$AAt?$AAo?$AA?5?$AAw@ 000131c8     cmem:cmem.obj
 0001:00002228       ??_C@_1GG@FKCDJMGM@?$AAC?$AAM?$AAE?$AAM?$AA?5?$AAD?$AAe?$AAb?$AAu?$AAg?$AA?3?$AA?5?$AAc?$AAa?$AAc?$AAh?$AAe?$AAW?$AAb?$AA?3?$AA?5?$AAe?$AAn?$AAt?$AAe?$AAr?$AAe?$AAd?$AA?5?$AAw?$AA?1?$AA?5@ 00013228     cmem:cmem.obj
 0001:00002290       ??_C@_1KE@GLMPMHFH@?$AAC?$AAM?$AAE?$AAM?$AA?5?$AAD?$AAe?$AAb?$AAu?$AAg?$AA?3?$AA?5?$AAc?$AAa?$AAc?$AAh?$AAe?$AAW?$AAb?$AAI?$AAn?$AAv?$AA?3?$AA?5?$AAe?$AAx?$AAi?$AAt?$AAi?$AAn?$AAg?$AA?0@ 00013290     cmem:cmem.obj
 0001:00002338       ??_C@_1HM@PFJPPOEN@?$AAC?$AAM?$AAE?$AAM?$AA?5?$AAE?$AAr?$AAr?$AAo?$AAr?$AA?3?$AA?5?$AAc?$AAa?$AAc?$AAh?$AAe?$AAW?$AAb?$AAI?$AAn?$AAv?$AA?3?$AA?5?$AAF?$AAa?$AAi?$AAl?$AAe?$AAd?$AA?5?$AAt@ 00013338     cmem:cmem.obj
 0001:000023b8       ??_C@_1GM@MECOEFMO@?$AAC?$AAM?$AAE?$AAM?$AA?5?$AAD?$AAe?$AAb?$AAu?$AAg?$AA?3?$AA?5?$AAc?$AAa?$AAc?$AAh?$AAe?$AAW?$AAb?$AAI?$AAn?$AAv?$AA?3?$AA?5?$AAe?$AAn?$AAt?$AAe?$AAr?$AAe?$AAd?$AA?5@ 000133b8     cmem:cmem.obj
 0001:00002428       ??_C@_1JM@GDFLOFEM@?$AAC?$AAM?$AAE?$AAM?$AA?5?$AAD?$AAe?$AAb?$AAu?$AAg?$AA?3?$AA?5?$AAc?$AAa?$AAc?$AAh?$AAe?$AAI?$AAn?$AAv?$AA?3?$AA?5?$AAe?$AAx?$AAi?$AAt?$AAi?$AAn?$AAg?$AA?0?$AA?5?$AAi@ 00013428     cmem:cmem.obj
 0001:000024c8       ??_C@_1GA@FIBMONO@?$AAC?$AAM?$AAE?$AAM?$AA?5?$AAE?$AAr?$AAr?$AAo?$AAr?$AA?3?$AA?5?$AAc?$AAa?$AAc?$AAh?$AAe?$AAI?$AAn?$AAv?$AA?3?$AA?5?$AAF?$AAa?$AAi?$AAl?$AAe?$AAd?$AA?5?$AAt?$AAo?$AA?5@ 000134c8     cmem:cmem.obj
 0001:00002528       ??_C@_1GI@GBODELAF@?$AAC?$AAM?$AAE?$AAM?$AA?5?$AAD?$AAe?$AAb?$AAu?$AAg?$AA?3?$AA?5?$AAc?$AAa?$AAc?$AAh?$AAe?$AAI?$AAn?$AAv?$AA?3?$AA?5?$AAe?$AAn?$AAt?$AAe?$AAr?$AAe?$AAd?$AA?5?$AAw?$AA?1@ 00013528     cmem:cmem.obj
 0001:00002590       ??_C@_1JA@CNIJNJKB@?$AAC?$AAM?$AAE?$AAM?$AA?5?$AAD?$AAe?$AAb?$AAu?$AAg?$AA?3?$AA?5?$AAg?$AAe?$AAt?$AAV?$AAe?$AAr?$AAs?$AAi?$AAo?$AAn?$AA?3?$AA?5?$AAe?$AAx?$AAi?$AAt?$AAi?$AAn?$AAg?$AA?0@ 00013590     cmem:cmem.obj
 0001:00002620       ??_C@_1IA@CHBIPLAM@?$AAC?$AAM?$AAE?$AAM?$AA?5?$AAE?$AAr?$AAr?$AAo?$AAr?$AA?3?$AA?5?$AAg?$AAe?$AAt?$AAV?$AAe?$AAr?$AAs?$AAi?$AAo?$AAn?$AA?3?$AA?5?$AAF?$AAa?$AAi?$AAl?$AAe?$AAd?$AA?5?$AAt@ 00013620     cmem:cmem.obj
 0001:000026a0       ??_C@_1EC@GDDMOEBJ@?$AAC?$AAM?$AAE?$AAM?$AA?5?$AAD?$AAe?$AAb?$AAu?$AAg?$AA?3?$AA?5?$AAg?$AAe?$AAt?$AAV?$AAe?$AAr?$AAs?$AAi?$AAo?$AAn?$AA?3?$AA?5?$AAe?$AAn?$AAt?$AAe?$AAr?$AAe?$AAd?$AA?6@ 000136a0     cmem:cmem.obj
 0001:000026e8       ??_C@_1HA@CAPACFLF@?$AAC?$AAM?$AAE?$AAM?$AA?5?$AAD?$AAe?$AAb?$AAu?$AAg?$AA?3?$AA?5?$AA?5?$AA?5?$AAr?$AAe?$AAt?$AAu?$AAr?$AAn?$AAi?$AAn?$AAg?$AA?5?$AA?$CK?$AAp?$AAp?$AAh?$AAy?$AAs?$AA_?$AAb@ 000136e8     cmem:cmem.obj
 0001:00002758       ??_C@_1II@OBAGDEJF@?$AAC?$AAM?$AAE?$AAM?$AA?5?$AAD?$AAe?$AAb?$AAu?$AAg?$AA?3?$AA?5?$AAg?$AAe?$AAt?$AAV?$AAe?$AAr?$AAs?$AAi?$AAo?$AAn?$AA?3?$AA?5?$AAe?$AAx?$AAi?$AAt?$AAi?$AAn?$AAg?$AA?0@ 00013758     cmem:cmem.obj
 0001:000027e0       ??_C@_1EI@EKMONBBA@?$AAC?$AAM?$AAE?$AAM?$AA?5?$AAE?$AAr?$AAr?$AAo?$AAr?$AA?3?$AA?5?$AA?5?$AA?5?$AAb?$AAl?$AAo?$AAc?$AAk?$AA?5?$AA?$CF?$AAd?$AA?5?$AAf?$AAr?$AAo?$AAm?$AA?5?$AAd?$AAr?$AAi?$AAv@ 000137e0     cmem:cmem.obj
 0001:00002828       ??_C@_1IE@PAKGNLMK@?$AAC?$AAM?$AAE?$AAM?$AA?5?$AAE?$AAr?$AAr?$AAo?$AAr?$AA?3?$AA?5?$AAg?$AAe?$AAt?$AAB?$AAl?$AAo?$AAc?$AAk?$AA?3?$AA?5?$AAF?$AAa?$AAi?$AAl?$AAe?$AAd?$AA?5?$AAt?$AAo?$AA?5@ 00013828     cmem:cmem.obj
 0001:000028ac       ??_C@_1DO@HNDIFKFF@?$AAC?$AAM?$AAE?$AAM?$AA?5?$AAD?$AAe?$AAb?$AAu?$AAg?$AA?3?$AA?5?$AAg?$AAe?$AAt?$AAB?$AAl?$AAo?$AAc?$AAk?$AA?3?$AA?5?$AAe?$AAn?$AAt?$AAe?$AAr?$AAe?$AAd?$AA?6?$AA?$AA@ 000138ac     cmem:cmem.obj
 0001:000028f0       ??_C@_1JA@FENNEN@?$AAC?$AAM?$AAE?$AAM?$AA?5?$AAD?$AAe?$AAb?$AAu?$AAg?$AA?3?$AA?5?$AAC?$AAM?$AAE?$AAM?$AA_?$AAg?$AAe?$AAt?$AAN?$AAu?$AAm?$AAB?$AAl?$AAo?$AAc?$AAk?$AAs?$AA?3?$AA?5?$AAi@ 000138f0     cmem:cmem.obj
 0001:00002980       ??_C@_1IO@HPDOGHBG@?$AAC?$AAM?$AAE?$AAM?$AA?5?$AAE?$AAr?$AAr?$AAo?$AAr?$AA?3?$AA?5?$AAC?$AAM?$AAE?$AAM?$AA_?$AAg?$AAe?$AAt?$AAN?$AAu?$AAm?$AAB?$AAl?$AAo?$AAc?$AAk?$AAs?$AA?3?$AA?5?$AAF@ 00013980     cmem:cmem.obj
 0001:00002a10       ??_C@_1FA@PKLEKDPF@?$AAC?$AAM?$AAE?$AAM?$AA?5?$AAD?$AAe?$AAb?$AAu?$AAg?$AA?3?$AA?5?$AAC?$AAM?$AAE?$AAM?$AA_?$AAg?$AAe?$AAt?$AAN?$AAu?$AAm?$AAB?$AAl?$AAo?$AAc?$AAk?$AAs?$AA?3?$AA?5?$AAe@ 00013a10     cmem:cmem.obj
 0001:00002a60       ??_C@_1FC@MIANCHOM@?$AAC?$AAM?$AAE?$AAM?$AA?5?$AAD?$AAe?$AAb?$AAu?$AAg?$AA?3?$AA?5?$AAe?$AAx?$AAi?$AAt?$AA?3?$AA?5?$AAe?$AAx?$AAi?$AAt?$AAi?$AAn?$AAg?$AA?0?$AA?5?$AAr?$AAe?$AAt?$AAu?$AAr@ 00013a60     cmem:cmem.obj
 0001:00002ab8       ??_C@_1GI@BILHCHHC@?$AAC?$AAM?$AAE?$AAM?$AA?5?$AAD?$AAe?$AAb?$AAu?$AAg?$AA?3?$AA?5?$AAe?$AAx?$AAi?$AAt?$AA?3?$AA?5?$AAr?$AAe?$AAf?$AA_?$AAc?$AAo?$AAu?$AAn?$AAt?$AA?5?$AA?$DN?$AA?$DN?$AA?5?$AA0@ 00013ab8     cmem:cmem.obj
 0001:00002b20       ??_C@_09KNCHHPEA@succeeded?$AA@ 00013b20     cmem:cmem.obj
 0001:00002b2c       ??_C@_06ODACHPEO@failed?$AA@ 00013b2c     cmem:cmem.obj
 0001:00002b38       ??_C@_1FE@MKFGBBDL@?$AAC?$AAM?$AAE?$AAM?$AA?5?$AAD?$AAe?$AAb?$AAu?$AAg?$AA?3?$AA?5?$AAe?$AAx?$AAi?$AAt?$AA?3?$AA?5?$AAd?$AAe?$AAc?$AAr?$AAe?$AAm?$AAe?$AAn?$AAt?$AAi?$AAn?$AAg?$AA?5?$AAr@ 00013b38     cmem:cmem.obj
 0001:00002b90       ??_C@_1GI@JAPMEOK@?$AAC?$AAM?$AAE?$AAM?$AA?5?$AAD?$AAe?$AAb?$AAu?$AAg?$AA?3?$AA?5?$AAe?$AAx?$AAi?$AAt?$AA?3?$AA?5?$AAe?$AAn?$AAt?$AAe?$AAr?$AAe?$AAd?$AA?5?$AA?9?$AA?5?$AAr?$AAe?$AAf?$AA_@ 00013b90     cmem:cmem.obj
 0001:00002bf8       ??_C@_1KA@GENNPKBP@?$AAC?$AAM?$AAE?$AAM?$AA?5?$AAD?$AAe?$AAb?$AAu?$AAg?$AA?3?$AA?5?$AAC?$AAM?$AAE?$AAM?$AA_?$AAm?$AAa?$AAp?$AAA?$AAd?$AAd?$AAr?$AAe?$AAs?$AAs?$AA?3?$AA?5?$AAi?$AAo?$AAc@ 00013bf8     cmem:cmem.obj
 0001:00002c98       ??_C@_1IC@LHPHMHFL@?$AAC?$AAM?$AAE?$AAM?$AA?5?$AAE?$AAr?$AAr?$AAo?$AAr?$AA?3?$AA?5?$AAC?$AAM?$AAE?$AAM?$AA_?$AAm?$AAa?$AAp?$AAA?$AAd?$AAd?$AAr?$AAe?$AAs?$AAs?$AA?3?$AA?5?$AAF?$AAa?$AAi@ 00013c98     cmem:cmem.obj
 0001:00002d20       ??_C@_1IA@HIPOJOLM@?$AAC?$AAM?$AAE?$AAM?$AA?5?$AAE?$AAr?$AAr?$AAo?$AAr?$AA?3?$AA?5?$AAC?$AAM?$AAE?$AAM?$AA_?$AAm?$AAa?$AAp?$AAA?$AAd?$AAd?$AAr?$AAe?$AAs?$AAs?$AA?3?$AA?5?$AAI?$AAn?$AAp@ 00013d20     cmem:cmem.obj
 0001:00002da0       ??_C@_1IC@JCADCFLC@?$AAC?$AAM?$AAE?$AAM?$AA?5?$AAE?$AAr?$AAr?$AAo?$AAr?$AA?3?$AA?5?$AAC?$AAM?$AAE?$AAM?$AA_?$AAm?$AAa?$AAp?$AAA?$AAd?$AAd?$AAr?$AAe?$AAs?$AAs?$AA?3?$AA?5?$AAI?$AAn?$AAp@ 00013da0     cmem:cmem.obj
 0001:00002e28       ??_C@_1IM@JJKMGICE@?$AAC?$AAM?$AAE?$AAM?$AA?5?$AAD?$AAe?$AAb?$AAu?$AAg?$AA?3?$AA?5?$AAC?$AAM?$AAE?$AAM?$AA_?$AAm?$AAa?$AAp?$AAA?$AAd?$AAd?$AAr?$AAe?$AAs?$AAs?$AA?3?$AA?5?$AAe?$AAn?$AAt@ 00013e28     cmem:cmem.obj
 0001:00002eb8       ??_C@_1II@HDMFEDCC@?$AAC?$AAM?$AAE?$AAM?$AA?5?$AAE?$AAr?$AAr?$AAo?$AAr?$AA?3?$AA?5?$AAC?$AAM?$AAE?$AAM?$AA_?$AAu?$AAn?$AAm?$AAa?$AAp?$AAA?$AAd?$AAd?$AAr?$AAe?$AAs?$AAs?$AA?3?$AA?5?$AAF@ 00013eb8     cmem:cmem.obj
 0001:00002f40       ??_C@_1HK@PJAFBNNF@?$AAC?$AAM?$AAE?$AAM?$AA?5?$AAD?$AAe?$AAb?$AAu?$AAg?$AA?3?$AA?5?$AAC?$AAM?$AAE?$AAM?$AA_?$AAu?$AAn?$AAm?$AAa?$AAp?$AAA?$AAd?$AAd?$AAr?$AAe?$AAs?$AAs?$AA?3?$AA?5?$AAe@ 00013f40     cmem:cmem.obj
 0001:00002fe8       testHeap                   00013fe8 f   apitest.obj
 0001:0000328c       testCache                  0001428c f   apitest.obj
 0001:00003a4c       main                       00014a4c f   apitest.obj
 0001:00003c20       NKDbgPrintfW               00014c20 f   coredll:COREDLL.dll
 0001:00003c30       CMEM_init                  00014c30 f   cmem:cmem.obj
 0001:00003e38       alloc                      00014e38 f   cmem:cmem.obj
 0001:000042f0       CMEM_alloc                 000152f0 f   cmem:cmem.obj
 0001:0000432c       CMEM_alloc2                0001532c f   cmem:cmem.obj
 0001:00004368       CMEM_allocPool             00015368 f   cmem:cmem.obj
 0001:0000448c       CMEM_allocPool2            0001548c f   cmem:cmem.obj
 0001:000044c8       CMEM_free                  000154c8 f   cmem:cmem.obj
 0001:0000466c       CMEM_getPool               0001566c f   cmem:cmem.obj
 0001:00004784       CMEM_getPool2              00015784 f   cmem:cmem.obj
 0001:000047cc       CMEM_getPhys               000157cc f   cmem:cmem.obj
 0001:000048a4       CMEM_cacheWb               000158a4 f   cmem:cmem.obj
 0001:00004988       CMEM_cacheWbInv            00015988 f   cmem:cmem.obj
 0001:00004a6c       CMEM_cacheInv              00015a6c f   cmem:cmem.obj
 0001:00004b50       CMEM_getVersion            00015b50 f   cmem:cmem.obj
 0001:00004c10       CMEM_getBlock              00015c10 f   cmem:cmem.obj
 0001:00004d5c       CMEM_getBlockAttrs         00015d5c f   cmem:cmem.obj
 0001:00004d9c       CMEM_getNumBlocks          00015d9c f   cmem:cmem.obj
 0001:00004e78       CMEM_exit                  00015e78 f   cmem:cmem.obj
 0001:00004f60       CMEM_mapAddress            00015f60 f   cmem:cmem.obj
 0001:000050d0       CMEM_unmapAddress          000160d0 f   cmem:cmem.obj
 0001:00005194       GetCurrentProcessId        00016194 f i cmem:cmem.obj
 0001:000051c0       exit                       000161c0 f   corelib0:cexit.obj
 0001:00005304       _exit                      00016304 f   corelib0:cexit.obj
 0001:00005328       _cexit                     00016328 f   corelib0:cexit.obj
 0001:00005344       _c_exit                    00016344 f   corelib0:cexit.obj
 0001:00005360       GetCurrentProcess          00016360 f i corelib0:cexit.obj
 0001:00005378       _initterm                  00016378 f   corelib0:crt0dat.obj
 0001:000053cc       _cinit                     000163cc f   corelib0:crt0dat.obj
 0001:00005400       _onexit                    00016400 f   corelib0:onexit.obj
 0001:000055e0       atexit                     000165e0 f   corelib0:onexit.obj
 0001:00005634       getchar                    00016634 f   corelib1:COREDLL.dll
 0001:00005644       memcpy                     00016644 f   corelib1:COREDLL.dll
 0001:00005654       __rt_udiv                  00016654 f   corelib1:COREDLL.dll
 0001:00005664       atoi                       00016664 f   corelib1:COREDLL.dll
 0001:00005674       free                       00016674 f   corelib1:COREDLL.dll
 0001:00005684       realloc                    00016684 f   corelib1:COREDLL.dll
 0001:00005694       malloc                     00016694 f   corelib1:COREDLL.dll
 0001:000056a4       _msize                     000166a4 f   corelib1:COREDLL.dll
 0001:000056b4       GetSystemInfo              000166b4 f   coredll:COREDLL.dll
 0001:000056c4       GetLastError               000166c4 f   coredll:COREDLL.dll
 0001:000056d4       CreateFileW                000166d4 f   coredll:COREDLL.dll
 0001:000056e4       DeviceIoControl            000166e4 f   coredll:COREDLL.dll
 0001:000056f4       __GetUserKData             000166f4 f   coredll:COREDLL.dll
 0001:00005704       CloseHandle                00016704 f   coredll:COREDLL.dll
 0001:00005714       TerminateProcess           00016714 f   coredll:COREDLL.dll
 0001:00005724       __IMPORT_DESCRIPTOR_COREDLL 00016724     coredll:COREDLL.dll
 0001:00005738       __NULL_IMPORT_DESCRIPTOR   00016738     coredll:COREDLL.dll
 0002:00000000       __imp_NKDbgPrintfW         00017000     coredll:COREDLL.dll
 0002:00000004       __imp_getchar              00017004     corelib1:COREDLL.dll
 0002:00000008       __imp_memcpy               00017008     corelib1:COREDLL.dll
 0002:0000000c       __imp___rt_udiv            0001700c     corelib1:COREDLL.dll
 0002:00000010       __imp_atoi                 00017010     corelib1:COREDLL.dll
 0002:00000014       __imp_free                 00017014     corelib1:COREDLL.dll
 0002:00000018       __imp_realloc              00017018     corelib1:COREDLL.dll
 0002:0000001c       __imp_malloc               0001701c     corelib1:COREDLL.dll
 0002:00000020       __imp__msize               00017020     corelib1:COREDLL.dll
 0002:00000024       __imp_GetSystemInfo        00017024     coredll:COREDLL.dll
 0002:00000028       __imp_GetLastError         00017028     coredll:COREDLL.dll
 0002:0000002c       __imp_CreateFileW          0001702c     coredll:COREDLL.dll
 0002:00000030       __imp_DeviceIoControl      00017030     coredll:COREDLL.dll
 0002:00000034       __imp___GetUserKData       00017034     coredll:COREDLL.dll
 0002:00000038       __imp_CloseHandle          00017038     coredll:COREDLL.dll
 0002:0000003c       __imp_TerminateProcess     0001703c     coredll:COREDLL.dll
 0002:00000040       \177COREDLL_NULL_THUNK_DATA 00017040     coredll:COREDLL.dll
 0002:00000044       ARGC                       00017044     apitest.obj
 0002:00000048       ARGV                       00017048     apitest.obj
 0002:00000050       CMEM_DEFAULTPARAMS         00017050     cmem:cmem.obj
 0002:0000006c       _exitflag                  0001706c     corelib0:cexit.obj
 0002:00000080       heap_ptrs                  00017080     <common>
 0002:00004080       __onexitend                0001b080     <common>
 0002:00004084       __onexitbegin              0001b084     <common>

 entry point at        0001:00003a4c

 Static symbols

 0001:00003f98       validate_init              00014f98 f   cmem:cmem.obj
 0001:00004008       getAndAllocFromPool        00015008 f   cmem:cmem.obj
 0001:000040a4       allocFromPool              000150a4 f   cmem:cmem.obj
 0001:000041b0       allocFromHeap              000151b0 f   cmem:cmem.obj
 0001:000043a4       allocPool                  000153a4 f   cmem:cmem.obj
 0001:000046b4       getPoolFromBlock           000156b4 f   cmem:cmem.obj
 0001:00004c4c       getBlock                   00015c4c f   cmem:cmem.obj
 0001:000051e4       doexit                     000161e4 f   corelib0:cexit.obj
